Component: ARM Compiler 5.06 update 5 (build 528) Tool: armlink [4d35e2]

==============================================================================

Section Cross References

    main.o(.text) refers to stm32f10x_usart.o(.text) for USART_SendData
    main.o(.text) refers to delay.o(.text) for delay_init
    main.o(.text) refers to misc.o(.text) for NVIC_PriorityGroupConfig
    main.o(.text) refers to usart.o(.text) for Usart1_Init
    main.o(.text) refers to led.o(.text) for LED_Init
    main.o(.text) refers to esp8266.o(.text) for ESP8266_Init
    main.o(.text) refers to onenet.o(.text) for OneNet_DevLink
    main.o(.text) refers to strcpy.o(.text) for strcpy
    main.o(.text) refers to printfa.o(i.__0sprintf) for __2sprintf
    main.o(.text) refers to main.o(.constdata) for .constdata
    main.o(.text) refers to main.o(.bss) for xinxi_id
    main.o(.constdata) refers to main.o(.conststring) for .conststring
    system_stm32f10x.o(.text) refers to system_stm32f10x.o(.data) for SystemCoreClock
    led.o(.text) refers to stm32f10x_rcc.o(.text) for RCC_APB2PeriphClockCmd
    led.o(.text) refers to stm32f10x_gpio.o(.text) for GPIO_Init
    esp8266.o(.text) refers to memseta.o(.text) for __aeabi_memclr
    esp8266.o(.text) refers to strlen.o(.text) for strlen
    esp8266.o(.text) refers to usart.o(.text) for Usart_SendString
    esp8266.o(.text) refers to strstr.o(.text) for strstr
    esp8266.o(.text) refers to delay.o(.text) for delay_ms
    esp8266.o(.text) refers to printfa.o(i.__0sprintf) for __2sprintf
    esp8266.o(.text) refers to strchr.o(.text) for strchr
    esp8266.o(.text) refers to stm32f10x_rcc.o(.text) for RCC_APB2PeriphClockCmd
    esp8266.o(.text) refers to stm32f10x_gpio.o(.text) for GPIO_Init
    esp8266.o(.text) refers to stm32f10x_usart.o(.text) for USART_GetITStatus
    esp8266.o(.text) refers to esp8266.o(.bss) for esp8266_buf
    esp8266.o(.text) refers to esp8266.o(.data) for esp8266_cnt
    mqttkit.o(.text) refers to malloc.o(i.malloc) for malloc
    mqttkit.o(.text) refers to malloc.o(i.free) for free
    mqttkit.o(.text) refers to strstr.o(.text) for strstr
    mqttkit.o(.text) refers to strlen.o(.text) for strlen
    mqttkit.o(.text) refers to memseta.o(.text) for __aeabi_memclr
    mqttkit.o(.text) refers to strncat.o(.text) for strncat
    mqttkit.o(.text) refers to memcpya.o(.text) for __aeabi_memcpy
    mqttkit.o(.text) refers to printfa.o(i.__0sprintf) for __2sprintf
    mqttkit.o(.text) refers to strchr.o(.text) for strchr
    onenet.o(.text) refers to usart.o(.text) for UsartPrintf
    onenet.o(.text) refers to mqttkit.o(.text) for MQTT_PacketConnect
    onenet.o(.text) refers to esp8266.o(.text) for ESP8266_SendData
    onenet.o(.text) refers to strlen.o(.text) for strlen
    onenet.o(.text) refers to cjson.o(.text) for cJSON_Parse
    onenet.o(.text) refers to stm32f10x_gpio.o(.text) for GPIO_SetBits
    onenet.o(.text) refers to strchr.o(.text) for strchr
    onenet.o(.text) refers to atoi.o(.text) for atoi
    onenet.o(.text) refers to onenet.o(.data) for pkt_id
    onenet.o(.text) refers to malloc.o(i.free) for free
    delay.o(.text) refers to misc.o(.text) for SysTick_CLKSourceConfig
    delay.o(.text) refers to system_stm32f10x.o(.data) for SystemCoreClock
    delay.o(.text) refers to delay.o(.data) for fac_us
    usart.o(.text) refers to stm32f10x_rcc.o(.text) for RCC_APB2PeriphClockCmd
    usart.o(.text) refers to stm32f10x_gpio.o(.text) for GPIO_Init
    usart.o(.text) refers to stm32f10x_usart.o(.text) for USART_Init
    usart.o(.text) refers to misc.o(.text) for NVIC_Init
    usart.o(.text) refers to printfa.o(i.__0vsnprintf) for __c89vsnprintf
    cjson.o(.text) refers to tolower.o(.text) for tolower
    cjson.o(.text) refers to strlen.o(.text) for strlen
    cjson.o(.text) refers to memcpya.o(.text) for __aeabi_memcpy
    cjson.o(.text) refers to memseta.o(.text) for __aeabi_memclr4
    cjson.o(.text) refers to dflti.o(.text) for __aeabi_i2d
    cjson.o(.text) refers to dmul.o(.text) for __aeabi_dmul
    cjson.o(.text) refers to dadd.o(.text) for __aeabi_dadd
    cjson.o(.text) refers to pow.o(i.pow) for pow
    cjson.o(.text) refers to dfixi.o(.text) for __aeabi_d2iz
    cjson.o(.text) refers to cdcmple.o(.text) for __aeabi_cdcmpeq
    cjson.o(.text) refers to cdrcmple.o(.text) for __aeabi_cdrcmple
    cjson.o(.text) refers to cjson.o(.data) for ep
    cjson.o(.text) refers to malloc.o(i.malloc) for malloc
    cjson.o(.text) refers to malloc.o(i.free) for free
    cjson.o(.text) refers to printfa.o(i.__0sprintf) for __2sprintf
    cjson.o(.text) refers to floor.o(i.floor) for floor
    cjson.o(.text) refers to cjson.o(.constdata) for firstByteMark
    cjson.o(.text) refers to strcpy.o(.text) for strcpy
    cjson.o(.text) refers to strchr.o(.text) for strchr
    cjson.o(.text) refers to strncmp.o(.text) for strncmp
    cjson.o(.text) refers to f2d.o(.text) for __aeabi_f2d
    cjson.o(.data) refers to malloc.o(i.malloc) for malloc
[...]
    printfa.o(i.__0sprintf) refers (Special) to iusefp.o(.text) for __I$use$fp
    printfa.o(i.__0sprintf) refers to printfa.o(i._printf_core) for _printf_core
    printfa.o(i.__0sprintf) refers to printfa.o(i._sputc) for _sputc
    printfa.o(i.__0vfprintf) refers (Special) to iusefp.o(.text) for __I$use$fp
    printfa.o(i.__0vfprintf) refers to printfa.o(i._printf_core) for _printf_core
    printfa.o(i.__0vfprintf) refers to main.o(.text) for fputc
    printfa.o(i.__0vprintf) refers (Special) to iusefp.o(.text) for __I$use$fp
    printfa.o(i.__0vprintf) refers to printfa.o(i._printf_core) for _printf_core
    printfa.o(i.__0vprintf) refers to main.o(.text) for fputc
    printfa.o(i.__0vprintf) refers to stdout.o(.data) for __stdout
    printfa.o(i.__0vsnprintf) refers (Special) to iusefp.o(.text) for __I$use$fp
    printfa.o(i.__0vsnprintf) refers to printfa.o(i._printf_core) for _printf_core
    printfa.o(i.__0vsnprintf) refers to printfa.o(i._snputc) for _snputc
    printfa.o(i.__0vsprintf) refers (Special) to iusefp.o(.text) for __I$use$fp
    printfa.o(i.__0vsprintf) refers to printfa.o(i._printf_core) for _printf_core
    printfa.o(i.__0vsprintf) refers to printfa.o(i._sputc) for _sputc
    printfa.o(i._fp_digits) refers (Special) to iusefp.o(.text) for __I$use$fp
    printfa.o(i._fp_digits) refers to dmul.o(.text) for __aeabi_dmul
    printfa.o(i._fp_digits) refers to ddiv.o(.text) for __aeabi_ddiv
    printfa.o(i._fp_digits) refers to cdrcmple.o(.text) for __aeabi_cdrcmple
    printfa.o(i._fp_digits) refers to dadd.o(.text) for __aeabi_dadd
    printfa.o(i._fp_digits) refers to dfixul.o(.text) for __aeabi_d2ulz
    printfa.o(i._fp_digits) refers to uldiv.o(.text) for __aeabi_uldivmod
    printfa.o(i._printf_core) refers (Special) to iusefp.o(.text) for __I$use$fp
    printfa.o(i._printf_core) refers to printfa.o(i._printf_pre_padding) for _printf_pre_padding
    printfa.o(i._printf_core) refers to uldiv.o(.text) for __aeabi_uldivmod
    printfa.o(i._printf_core) refers to printfa.o(i._printf_post_padding) for _printf_post_padding
    printfa.o(i._printf_core) refers to printfa.o(i._fp_digits) for _fp_digits
    printfa.o(i._printf_core) refers to uidiv.o(.text) for __aeabi_uidivmod
    printfa.o(i._printf_post_padding) refers (Special) to iusefp.o(.text) for __I$use$fp
    printfa.o(i._printf_pre_padding) refers (Special) to iusefp.o(.text) for __I$use$fp
    printfa.o(i._snputc) refers (Special) to iusefp.o(.text) for __I$use$fp
    printfa.o(i._sputc) refers (Special) to iusefp.o(.text) for __I$use$fp
    malloc.o(i.free) refers to mvars.o(.data) for __microlib_freelist
    malloc.o(i.malloc) refers to mvars.o(.data) for __microlib_freelist_initialised
    malloc.o(i.malloc) refers to mvars.o(.data) for __microlib_freelist
    malloc.o(i.malloc) refers to startup_stm32f10x_hd.o(HEAP) for __heap_base
    mallocr.o(i.__free$realloc) refers to mvars.o(.data) for __microlib_freelist
    mallocr.o(i.__malloc$realloc) refers to mallocr.o(i.internal_alloc) for internal_alloc
    mallocr.o(i.__malloc$realloc) refers to mvars.o(.data) for __microlib_freelist_initialised
    mallocr.o(i.__malloc$realloc) refers to startup_stm32f10x_hd.o(HEAP) for __heap_base
    mallocr.o(i.__malloc$realloc) refers to mvars.o(.data) for __microlib_freelist
    mallocr.o(i.internal_alloc) refers to memcpya.o(.text) for __aeabi_memcpy
    mallocr.o(i.internal_alloc) refers to mvars.o(.data) for __microlib_freelist
    mallocr.o(i.realloc) refers to mallocr.o(i.__free$realloc) for __free$realloc
    mallocr.o(i.realloc) refers to mallocr.o(i.internal_alloc) for internal_alloc
    mallocr.o(i.realloc) refers to mallocr.o(i.__malloc$realloc) for __malloc$realloc
    mallocr.o(i.realloc) refers to mvars.o(.data) for __microlib_freelist
    malloca.o(i.__aligned_malloc) refers to mvars.o(.data) for __microlib_freelist_initialised
    malloca.o(i.__aligned_malloc) refers to mvars.o(.data) for __microlib_freelist
    malloca.o(i.__aligned_malloc) refers to startup_stm32f10x_hd.o(HEAP) for __heap_base
    malloca.o(i.__free$memalign) refers to mvars.o(.data) for __microlib_freelist
    malloca.o(i.__malloc$memalign) refers to malloca.o(i.__aligned_malloc) for __aligned_malloc
    mallocra.o(i.__aligned_malloc$realloc) refers to mallocra.o(i.internal_alloc) for internal_alloc
    mallocra.o(i.__aligned_malloc$realloc) refers to mvars.o(.data) for __microlib_freelist_initialised
    mallocra.o(i.__aligned_malloc$realloc) refers to startup_stm32f10x_hd.o(HEAP) for __heap_base
    mallocra.o(i.__aligned_malloc$realloc) refers to mvars.o(.data) for __microlib_freelist
    mallocra.o(i.__free$realloc$memalign) refers to mvars.o(.data) for __microlib_freelist
    mallocra.o(i.__malloc$realloc$memalign) refers to mallocra.o(i.__aligned_malloc$realloc) for __aligned_malloc$realloc
    mallocra.o(i.__realloc$memalign) refers to mallocra.o(i.__free$realloc$memalign) for __free$realloc$memalign
    mallocra.o(i.__realloc$memalign) refers to mallocra.o(i.internal_alloc) for internal_alloc
    mallocra.o(i.__realloc$memalign) refers to mallocra.o(i.__malloc$realloc$memalign) for __malloc$realloc$memalign
    mallocra.o(i.__realloc$memalign) refers to mvars.o(.data) for __microlib_freelist
    mallocra.o(i.internal_alloc) refers to memcpya.o(.text) for __aeabi_memcpy
    mallocra.o(i.internal_alloc) refers to mvars.o(.data) for __microlib_freelist
    atoi.o(.text) refers to errno.o(i.__aeabi_errno_addr) for __aeabi_errno_addr
    atoi.o(.text) refers to strtol.o(.text) for strtol
    dadd.o(.text) refers (Special) to iusefp.o(.text) for __I$use$fp
    dadd.o(.text) refers to llshl.o(.text) for __aeabi_llsl
    dadd.o(.text) refers to llsshr.o(.text) for __aeabi_lasr
    dadd.o(.text) refers to depilogue.o(.text) for _double_epilogue
    dmul.o(.text) refers (Special) to iusefp.o(.text) for __I$use$fp
    dmul.o(.text) refers to depilogue.o(.text) for _double_epilogue
    dflti.o(.text) refers (Special) to iusefp.o(.text) for __I$use$fp
    dflti.o(.text) refers to depilogue.o(.text) for _double_epilogue
    dfixi.o(.text) refers (Special) to iusefp.o(.text) for __I$use$fp
    dfixi.o(.text) refers to llushr.o(.text) for __aeabi_llsr
    f2d.o(.text) refers (Special) to iusefp.o(.text) for __I$use$fp
    cdcmple.o(.text) refers (Special) to iusefp.o(.text) for __I$use$fp
    cdrcmple.o(.text) refers (Special) to iusefp.o(.text) for __I$use$fp
    dunder.o(i.__mathlib_dbl_divzero) refers to ddiv.o(.text) for __aeabi_ddiv
    dunder.o(i.__mathlib_dbl_infnan) refers to dscalb.o(.text) for __ARM_scalbn
    dunder.o(i.__mathlib_dbl_infnan2) refers to dadd.o(.text) for __aeabi_dadd
    dunder.o(i.__mathlib_dbl_invalid) refers to ddiv.o(.text) for __aeabi_ddiv
    dunder.o(i.__mathlib_dbl_overflow) refers to dscalb.o(.text) for __ARM_scalbn
    dunder.o(i.__mathlib_dbl_posinfnan) refers to dmul.o(.text) for __aeabi_dmul
    dunder.o(i.__mathlib_dbl_underflow) refers to dscalb.o(.text) for __ARM_scalbn
    fpclassify.o(i.__ARM_fpclassify) refers (Special) to iusefp.o(.text) for __I$use$fp
    poly.o(i.__kernel_poly) refers (Special) to iusefp.o(.text) for __I$use$fp
    poly.o(i.__kernel_poly) refers to dmul.o(.text) for __aeabi_dmul
    poly.o(i.__kernel_poly) refers to dadd.o(.text) for __aeabi_dadd
    qnan.o(.constdata) refers (Special) to iusefp.o(.text) for __I$use$fp
    sqrt.o(i.__softfp_sqrt) refers (Special) to iusefp.o(.text) for __I$use$fp
    sqrt.o(i.__softfp_sqrt) refers to dsqrt.o(.text) for _dsqrt
    sqrt.o(i.__softfp_sqrt) refers to errno.o(i.__set_errno) for __set_errno
    sqrt.o(i.sqrt) refers (Special) to iusefp.o(.text) for __I$use$fp
    sqrt.o(i.sqrt) refers to dsqrt.o(.text) for _dsqrt
    sqrt.o(i.sqrt) refers to errno.o(i.__set_errno) for __set_errno
    sqrt_x.o(i.____softfp_sqrt$lsc) refers (Special) to iusefp.o(.text) for __I$use$fp
    sqrt_x.o(i.____softfp_sqrt$lsc) refers to cdcmple.o(.text) for __aeabi_cdcmple
    sqrt_x.o(i.____softfp_sqrt$lsc) refers to errno.o(i.__set_errno) for __set_errno
    sqrt_x.o(i.____softfp_sqrt$lsc) refers to dsqrt.o(.text) for _dsqrt
    sqrt_x.o(i.__sqrt$lsc) refers (Special) to iusefp.o(.text) for __I$use$fp
    sqrt_x.o(i.__sqrt$lsc) refers to cdcmple.o(.text) for __aeabi_cdcmple
    sqrt_x.o(i.__sqrt$lsc) refers to errno.o(i.__set_errno) for __set_errno
    sqrt_x.o(i.__sqrt$lsc) refers to dsqrt.o(.text) for _dsqrt
    entry2.o(.ARM.Collect$$$$00000001) refers to entry2.o(.ARM.Collect$$$$00002712) for __lit__00000000
    entry2.o(.ARM.Collect$$$$00002712) refers to startup_stm32f10x_hd.o(STACK) for __initial_sp
    entry2.o(__vectab_stack_and_reset_area) refers to startup_stm32f10x_hd.o(STACK) for __initial_sp
    entry2.o(__vectab_stack_and_reset_area) refers to entry.o(.ARM.Collect$$$$00000000) for __main
    entry5.o(.ARM.Collect$$$$00000004) refers to init.o(.text) for __scatterload
    entry9a.o(.ARM.Collect$$$$0000000B) refers to main.o(.text) for main
    entry9b.o(.ARM.Collect$$$$0000000C) refers to main.o(.text) for main
    uldiv.o(.text) refers to llushr.o(.text) for __aeabi_llsr
    uldiv.o(.text) refers to llshl.o(.text) for __aeabi_llsl
    errno.o(i.__aeabi_errno_addr) refers to errno.o(.data) for .data
    errno.o(i.__read_errno) refers to errno.o(.data) for .data
    errno.o(i.__set_errno) refers to errno.o(.data) for .data
    strtol.o(.text) refers to ctype_o.o(.text) for __rt_ctype_table
    strtol.o(.text) refers to _strtoul.o(.text) for _strtoul
    strtol.o(.text) refers to errno.o(i.__aeabi_errno_addr) for __aeabi_errno_addr
    depilogue.o(.text) refers to llshl.o(.text) for __aeabi_llsl
    depilogue.o(.text) refers to llushr.o(.text) for __aeabi_llsr
    ddiv.o(.text) refers to depilogue.o(.text) for _double_round
    dfixul.o(.text) refers to llushr.o(.text) for __aeabi_llsr
    dfixul.o(.text) refers to llshl.o(.text) for __aeabi_llsl
    init.o(.text) refers to entry5.o(.ARM.Collect$$$$00000004) for __main_after_scatterload
    ctype_o.o(.text) refers to ctype_o.o(.constdata) for .constdata
    ctype_o.o(.constdata) refers to ctype_o.o(.constdata) for __ctype_table
    isalnum_o.o(.text) refers to ctype_o.o(.text) for __rt_ctype_table
    isalpha_o.o(.text) refers to ctype_o.o(.text) for __rt_ctype_table
    isblank_o.o(.text) refers to ctype_o.o(.constdata) for __ctype_table
    iscntrl_o.o(.text) refers to ctype_o.o(.text) for __rt_ctype_table
    isdigit_o.o(.text) refers to ctype_o.o(.text) for __rt_ctype_table
    isgraph_o.o(.text) refers to ctype_o.o(.text) for __rt_ctype_table
    islower_o.o(.text) refers to ctype_o.o(.text) for __rt_ctype_table
    isprint_o.o(.text) refers to ctype_o.o(.text) for __rt_ctype_table
    ispunct_o.o(.text) refers to ctype_o.o(.text) for __rt_ctype_table
    isspace_o.o(.text) refers to ctype_o.o(.text) for __rt_ctype_table
    isupper_o.o(.text) refers to ctype_o.o(.text) for __rt_ctype_table
    isxdigit_o.o(.text) refers to ctype_o.o(.text) for __rt_ctype_table
    _strtoul.o(.text) refers to _chval.o(.text) for _chval
    _strtoul.o(.text) refers to errno.o(i.__aeabi_errno_addr) for __aeabi_errno_addr
    dsqrt.o(.text) refers to llushr.o(.text) for __aeabi_llsr
    dsqrt.o(.text) refers to depilogue.o(.text) for _double_round


==============================================================================

Removing Unused input sections from the image.

    Removing sys.o(.emb_text), (6 bytes).
    Removing sys.o(.text), (12 bytes).
    Removing core_cm3.o(.emb_text), (32 bytes).

3 unused section(s) (total 50 bytes) removed from the image.

==============================================================================

Image Symbol Table

    Local Symbols

    Symbol Name                              Value     Ov Type        Size  Object(Section)

    ../clib/microlib/ctype/ctype.c           0x00000000   Number         0  ispunct_o.o ABSOLUTE
    ../clib/microlib/ctype/ctype.c           0x00000000   Number         0  isalnum_o.o ABSOLUTE
    ../clib/microlib/ctype/ctype.c           0x00000000   Number         0  isprint_o.o ABSOLUTE
    ../clib/microlib/ctype/ctype.c           0x00000000   Number         0  islower_o.o ABSOLUTE
    ../clib/microlib/ctype/ctype.c           0x00000000   Number         0  isgraph_o.o ABSOLUTE
    ../clib/microlib/ctype/ctype.c           0x00000000   Number         0  isdigit_o.o ABSOLUTE
    ../clib/microlib/ctype/ctype.c           0x00000000   Number         0  iscntrl_o.o ABSOLUTE
    ../clib/microlib/ctype/ctype.c           0x00000000   Number         0  isxdigit_o.o ABSOLUTE
    ../clib/microlib/ctype/ctype.c           0x00000000   Number         0  isupper_o.o ABSOLUTE
    ../clib/microlib/ctype/ctype.c           0x00000000   Number         0  isspace_o.o ABSOLUTE
    ../clib/microlib/ctype/ctype.c           0x00000000   Number         0  isblank_o.o ABSOLUTE
    ../clib/microlib/ctype/ctype.c           0x00000000   Number         0  isalpha_o.o ABSOLUTE
    ../clib/microlib/ctype/ctype.c           0x00000000   Number         0  ctype_o.o ABSOLUTE
    ../clib/microlib/ctype/tolower.c         0x00000000   Number         0  tolower.o ABSOLUTE
    ../clib/microlib/division.c              0x00000000   Number         0  uidiv.o ABSOLUTE
    ../clib/microlib/division.c              0x00000000   Number         0  uldiv.o ABSOLUTE
    ../clib/microlib/errno.c                 0x00000000   Number         0  errno.o ABSOLUTE
    ../clib/microlib/init/entry.s            0x00000000   Number         0  entry10a.o ABSOLUTE
    ../clib/microlib/init/entry.s            0x00000000   Number         0  entry11a.o ABSOLUTE
    ../clib/microlib/init/entry.s            0x00000000   Number         0  entry10b.o ABSOLUTE
    ../clib/microlib/init/entry.s            0x00000000   Number         0  entry11b.o ABSOLUTE
    ../clib/microlib/init/entry.s            0x00000000   Number         0  entry7b.o ABSOLUTE
    ../clib/microlib/init/entry.s            0x00000000   Number         0  entry8a.o ABSOLUTE
    ../clib/microlib/init/entry.s            0x00000000   Number         0  entry5.o ABSOLUTE
    ../clib/microlib/init/entry.s            0x00000000   Number         0  entry2.o ABSOLUTE
    ../clib/microlib/init/entry.s            0x00000000   Number         0  entry.o ABSOLUTE
    ../clib/microlib/init/entry.s            0x00000000   Number         0  entry8b.o ABSOLUTE
    ../clib/microlib/init/entry.s            0x00000000   Number         0  entry9a.o ABSOLUTE
    ../clib/microlib/init/entry.s            0x00000000   Number         0  entry7a.o ABSOLUTE
    ../clib/microlib/init/entry.s            0x00000000   Number         0  entry9b.o ABSOLUTE
    ../clib/microlib/longlong.c              0x00000000   Number         0  llsshr.o ABSOLUTE
    ../clib/microlib/longlong.c              0x00000000   Number         0  llushr.o ABSOLUTE
    ../clib/microlib/longlong.c              0x00000000   Number         0  llshl.o ABSOLUTE
    ../clib/microlib/malloc/malloc.c         0x00000000   Number         0  malloc.o ABSOLUTE
    ../clib/microlib/malloc/malloc.c         0x00000000   Number         0  malloca.o ABSOLUTE
    ../clib/microlib/malloc/malloc.c         0x00000000   Number         0  mallocr.o ABSOLUTE
    ../clib/microlib/malloc/malloc.c         0x00000000   Number         0  mallocra.o ABSOLUTE
    ../clib/microlib/malloc/mvars.c          0x00000000   Number         0  mvars.o ABSOLUTE
    ../clib/microlib/printf/printf.c         0x00000000   Number         0  printf2.o ABSOLUTE
    ../clib/microlib/printf/printf.c         0x00000000   Number         0  printf3.o ABSOLUTE
    ../clib/microlib/printf/printf.c         0x00000000   Number         0  printf4.o ABSOLUTE
    ../clib/microlib/printf/printf.c         0x00000000   Number         0  printf0.o ABSOLUTE
    ../clib/microlib/printf/printf.c         0x00000000   Number         0  printf5.o ABSOLUTE
    ../clib/microlib/printf/printf.c         0x00000000   Number         0  printf1.o ABSOLUTE
    ../clib/microlib/printf/printf.c         0x00000000   Number         0  printf7.o ABSOLUTE
    ../clib/microlib/printf/printf.c         0x00000000   Number         0  printfa.o ABSOLUTE
    ../clib/microlib/printf/printf.c         0x00000000   Number         0  printf6.o ABSOLUTE
    ../clib/microlib/printf/printf.c         0x00000000   Number         0  printf8.o ABSOLUTE
    ../clib/microlib/printf/printf.c         0x00000000   Number         0  printfb.o ABSOLUTE
    ../clib/microlib/printf/stubs.s          0x00000000   Number         0  stubs.o ABSOLUTE
    ../clib/microlib/stdio/streams.c         0x00000000   Number         0  stdout.o ABSOLUTE
    ../clib/microlib/string/memcpy.c         0x00000000   Number         0  memcpyb.o ABSOLUTE
    ../clib/microlib/string/memcpy.c         0x00000000   Number         0  memcpya.o ABSOLUTE
    ../clib/microlib/string/memset.c         0x00000000   Number         0  memseta.o ABSOLUTE
    ../clib/microlib/string/strchr.c         0x00000000   Number         0  strchr.o ABSOLUTE
    ../clib/microlib/string/strcpy.c         0x00000000   Number         0  strcpy.o ABSOLUTE
    ../clib/microlib/string/strlen.c         0x00000000   Number         0  strlen.o ABSOLUTE
    ../clib/microlib/string/strncat.c        0x00000000   Number         0  strncat.o ABSOLUTE
    ../clib/microlib/string/strncmp.c        0x00000000   Number         0  strncmp.o ABSOLUTE
    ../clib/microlib/string/strstr.c         0x00000000   Number         0  strstr.o ABSOLUTE
    ../clib/microlib/stubs.s                 0x00000000   Number         0  iusefp.o ABSOLUTE
    ../clib/scanf.c                          0x00000000   Number         0  _strtoul.o ABSOLUTE
    ../clib/scanf.c                          0x00000000   Number         0  strtol.o ABSOLUTE
    ../clib/scanf.c                          0x00000000   Number         0  atoi.o ABSOLUTE
    ../clib/scanf.c                          0x00000000   Number         0  _chval.o ABSOLUTE
    ../fplib/microlib/f2d.c                  0x00000000   Number         0  f2d.o ABSOLUTE
    ../fplib/microlib/fpadd.c                0x00000000   Number         0  dadd.o ABSOLUTE
    ../fplib/microlib/fpdiv.c                0x00000000   Number         0  ddiv.o ABSOLUTE
    ../fplib/microlib/fpepilogue.c           0x00000000   Number         0  depilogue.o ABSOLUTE
    ../fplib/microlib/fpfix.c                0x00000000   Number         0  dfixul.o ABSOLUTE
    ../fplib/microlib/fpfix.c                0x00000000   Number         0  dfixi.o ABSOLUTE
    ../fplib/microlib/fpflt.c                0x00000000   Number         0  dflti.o ABSOLUTE
    ../fplib/microlib/fpmul.c                0x00000000   Number         0  dmul.o ABSOLUTE
    ../fplib/microlib/fpscalb.c              0x00000000   Number         0  dscalb.o ABSOLUTE
    ../fplib/microlib/fpsqrt.c               0x00000000   Number         0  dsqrt.o ABSOLUTE
    ../mathlib/dunder.c                      0x00000000   Number         0  dunder.o ABSOLUTE
    ../mathlib/floor.c                       0x00000000   Number         0  floor.o ABSOLUTE
    ../mathlib/fpclassify.c                  0x00000000   Number         0  fpclassify.o ABSOLUTE
    ../mathlib/poly.c                        0x00000000   Number         0  poly.o ABSOLUTE
    ../mathlib/pow.c                         0x00000000   Number         0  pow.o ABSOLUTE
    ../mathlib/pow.c                         0x00000000   Number         0  pow_x.o ABSOLUTE
    ../mathlib/qnan.c                        0x00000000   Number         0  qnan.o ABSOLUTE
    ../mathlib/sqrt.c                        0x00000000   Number         0  sqrt_x.o ABSOLUTE
    ../mathlib/sqrt.c                        0x00000000   Number         0  sqrt.o ABSOLUTE
    ..\CORE\core_cm3.c                       0x00000000   Number         0  core_cm3.o ABSOLUTE
    ..\CORE\startup_stm32f10x_hd.s           0x00000000   Number         0  startup_stm32f10x_hd.o ABSOLUTE
    ..\HARDWARE\LED\led.c                    0x00000000   Number         0  led.o ABSOLUTE
    ..\HARDWARE\MQTT\MqttKit.c               0x00000000   Number         0  mqttkit.o ABSOLUTE
    ..\HARDWARE\esp8266\esp8266.c            0x00000000   Number         0  esp8266.o ABSOLUTE
    ..\HARDWARE\onenet\onenet.c              0x00000000   Number         0  onenet.o ABSOLUTE
    ..\STM32F10x_FWLib\src\misc.c            0x00000000   Number         0  misc.o ABSOLUTE
    ..\STM32F10x_FWLib\src\stm32f10x_gpio.c  0x00000000   Number         0  stm32f10x_gpio.o ABSOLUTE
    ..\STM32F10x_FWLib\src\stm32f10x_rcc.c   0x00000000   Number         0  stm32f10x_rcc.o ABSOLUTE
    ..\STM32F10x_FWLib\src\stm32f10x_usart.c 0x00000000   Number         0  stm32f10x_usart.o ABSOLUTE
    ..\SYSTEM\cjson\cJSON.c                  0x00000000   Number         0  cjson.o ABSOLUTE
    ..\SYSTEM\delay\delay.c                  0x00000000   Number         0  delay.o ABSOLUTE
    ..\SYSTEM\sys\sys.c                      0x00000000   Number         0  sys.o ABSOLUTE
    ..\SYSTEM\usart1\usart.c                 0x00000000   Number         0  usart.o ABSOLUTE
    ..\\CORE\\core_cm3.c                     0x00000000   Number         0  core_cm3.o ABSOLUTE
    ..\\SYSTEM\\sys\\sys.c                   0x00000000   Number         0  sys.o ABSOLUTE
    cdcmple.s                                0x00000000   Number         0  cdcmple.o ABSOLUTE
    cdrcmple.s                               0x00000000   Number         0  cdrcmple.o ABSOLUTE
    dc.s                                     0x00000000   Number         0  dc.o ABSOLUTE
    handlers.s                               0x00000000   Number         0  handlers.o ABSOLUTE
    init.s                                   0x00000000   Number         0  init.o ABSOLUTE
    main.c                                   0x00000000   Number         0  main.o ABSOLUTE
    stm32f10x_it.c                           0x00000000   Number         0  stm32f10x_it.o ABSOLUTE
    system_stm32f10x.c                       0x00000000   Number         0  system_stm32f10x.o ABSOLUTE
    RESET                                    0x08000000   Section      304  startup_stm32f10x_hd.o(RESET)
    .ARM.Collect$$$$00000000                 0x08000130   Section        0  entry.o(.ARM.Collect$$$$00000000)
    .ARM.Collect$$$$00000001                 0x08000130   Section        4  entry2.o(.ARM.Collect$$$$00000001)
    .ARM.Collect$$$$00000004                 0x08000134   Section        4  entry5.o(.ARM.Collect$$$$00000004)
    .ARM.Collect$$$$00000008                 0x08000138   Section        0  entry7b.o(.ARM.Collect$$$$00000008)
    .ARM.Collect$$$$0000000A                 0x08000138   Section        0  entry8b.o(.ARM.Collect$$$$0000000A)
    .ARM.Collect$$$$0000000B                 0x08000138   Section        8  entry9a.o(.ARM.Collect$$$$0000000B)
    .ARM.Collect$$$$0000000D                 0x08000140   Section        0  entry10a.o(.ARM.Collect$$$$0000000D)
    .ARM.Collect$$$$0000000F                 0x08000140   Section        0  entry11a.o(.ARM.Collect$$$$0000000F)
    .ARM.Collect$$$$00002712                 0x08000140   Section        4  entry2.o(.ARM.Collect$$$$00002712)
    __lit__00000000                          0x08000140   Data           4  entry2.o(.ARM.Collect$$$$00002712)
    .text                                    0x08000144   Section        0  main.o(.text)
    .text                                    0x08000288   Section        0  stm32f10x_it.o(.text)
    .text                                    0x080002a4   Section        0  system_stm32f10x.o(.text)
    SetSysClockTo72                          0x080002a5   Thumb Code   214  system_stm32f10x.o(.text)
    SetSysClock                              0x0800037b   Thumb Code     8  system_stm32f10x.o(.text)
    .text                                    0x08000484   Section        0  led.o(.text)
    .text                                    0x080004b8   Section        0  esp8266.o(.text)
    .text                                    0x08000840   Section        0  mqttkit.o(.text)
    .text                                    0x0800163c   Section        0  onenet.o(.text)
    .text                                    0x08001d10   Section        0  delay.o(.text)
    .text                                    0x08001de4   Section        0  usart.o(.text)
    .text                                    0x08002078   Section        0  cjson.o(.text)
    cJSON_strcasecmp                         0x0800207f   Thumb Code    76  cjson.o(.text)
    cJSON_strdup                             0x080020cb   Thumb Code    40  cjson.o(.text)
    cJSON_New_Item                           0x08002123   Thumb Code    26  cjson.o(.text)
    parse_number                             0x0800218f   Thumb Code   432  cjson.o(.text)
    pow2gt                                   0x0800233f   Thumb Code    28  cjson.o(.text)
    ensure                                   0x0800235b   Thumb Code   104  cjson.o(.text)
    update                                   0x080023c3   Thumb Code    32  cjson.o(.text)
    print_number                             0x080023e3   Thumb Code   396  cjson.o(.text)
    parse_hex4                               0x0800256f   Thumb Code   276  cjson.o(.text)
    parse_string                             0x08002683   Thumb Code   448  cjson.o(.text)
    print_string_ptr                         0x08002843   Thumb Code   498  cjson.o(.text)
    print_string                             0x08002a35   Thumb Code    16  cjson.o(.text)
    skip                                     0x08002a45   Thumb Code    18  cjson.o(.text)
    parse_object                             0x08002a57   Thumb Code   270  cjson.o(.text)
    parse_array                              0x08002b65   Thumb Code   166  cjson.o(.text)
    parse_value                              0x08002c0b   Thumb Code   158  cjson.o(.text)
    print_object                             0x08002d51   Thumb Code  1052  cjson.o(.text)
    print_array                              0x0800316d   Thumb Code   578  cjson.o(.text)
    print_value                              0x080033af   Thumb Code   290  cjson.o(.text)
    suffix_object                            0x0800356b   Thumb Code     6  cjson.o(.text)
    create_reference                         0x08003571   Thumb Code    48  cjson.o(.text)
    .text                                    0x08003af8   Section       36  startup_stm32f10x_hd.o(.text)
    .text                                    0x08003b1c   Section        0  stm32f10x_gpio.o(.text)
    .text                                    0x08003e78   Section        0  stm32f10x_rcc.o(.text)
    .text                                    0x0800421c   Section        0  stm32f10x_usart.o(.text)
    .text                                    0x08004624   Section        0  misc.o(.text)
    .text                                    0x08004700   Section        0  tolower.o(.text)
    .text                                    0x0800470c   Section        0  memcpya.o(.text)
    .text                                    0x08004730   Section        0  memseta.o(.text)
    .text                                    0x08004754   Section        0  strstr.o(.text)
    .text                                    0x08004778   Section        0  strchr.o(.text)
    .text                                    0x0800478c   Section        0  strlen.o(.text)
    .text                                    0x0800479a   Section        0  strncat.o(.text)
    .text                                    0x080047c2   Section        0  strcpy.o(.text)
    .text                                    0x080047d4   Section        0  strncmp.o(.text)
    .text                                    0x080047f2   Section        0  atoi.o(.text)
    .text                                    0x0800480c   Section        0  dadd.o(.text)
    .text                                    0x0800495a   Section        0  dmul.o(.text)
    .text                                    0x08004a3e   Section        0  dflti.o(.text)
    .text                                    0x08004a60   Section        0  dfixi.o(.text)
    .text                                    0x08004a9e   Section        0  f2d.o(.text)
    .text                                    0x08004ac4   Section       48  cdcmple.o(.text)
    .text                                    0x08004af4   Section       48  cdrcmple.o(.text)
    .text                                    0x08004b24   Section        0  uidiv.o(.text)
    .text                                    0x08004b50   Section        0  uldiv.o(.text)
    .text                                    0x08004bb2   Section        0  llshl.o(.text)
    .text                                    0x08004bd0   Section        0  llushr.o(.text)
    .text                                    0x08004bf0   Section        0  llsshr.o(.text)
    .text                                    0x08004c14   Section        0  strtol.o(.text)
    .text                                    0x08004c84   Section        0  depilogue.o(.text)
    .text                                    0x08004c84   Section        0  iusefp.o(.text)
    .text                                    0x08004d3e   Section        0  ddiv.o(.text)
    .text                                    0x08004e1c   Section        0  dscalb.o(.text)
    .text                                    0x08004e4a   Section        0  dfixul.o(.text)
    .text                                    0x08004e7c   Section       36  init.o(.text)
    .text                                    0x08004ea0   Section        0  ctype_o.o(.text)
    .text                                    0x08004ea8   Section        0  _strtoul.o(.text)
    .text                                    0x08004f46   Section        0  dsqrt.o(.text)
    .text                                    0x08004fe8   Section        0  _chval.o(.text)
    i.__0sprintf                             0x08005004   Section        0  printfa.o(i.__0sprintf)
    i.__0vsnprintf                           0x0800502c   Section        0  printfa.o(i.__0vsnprintf)
    i.__ARM_fpclassify                       0x08005058   Section        0  fpclassify.o(i.__ARM_fpclassify)
    i.__aeabi_errno_addr                     0x08005080   Section        0  errno.o(i.__aeabi_errno_addr)
    i.__kernel_poly                          0x08005088   Section        0  poly.o(i.__kernel_poly)
    i.__mathlib_dbl_divzero                  0x08005134   Section        0  dunder.o(i.__mathlib_dbl_divzero)
    i.__mathlib_dbl_infnan2                  0x08005144   Section        0  dunder.o(i.__mathlib_dbl_infnan2)
    i.__mathlib_dbl_invalid                  0x08005148   Section        0  dunder.o(i.__mathlib_dbl_invalid)
    i.__mathlib_dbl_overflow                 0x08005154   Section        0  dunder.o(i.__mathlib_dbl_overflow)
    i.__mathlib_dbl_underflow                0x08005164   Section        0  dunder.o(i.__mathlib_dbl_underflow)
    i.__scatterload_copy                     0x08005174   Section       14  handlers.o(i.__scatterload_copy)
    i.__scatterload_null                     0x08005182   Section        2  handlers.o(i.__scatterload_null)
    i.__scatterload_zeroinit                 0x08005184   Section       14  handlers.o(i.__scatterload_zeroinit)
    i.__set_errno                            0x08005194   Section        0  errno.o(i.__set_errno)
    i._fp_digits                             0x080051a0   Section        0  printfa.o(i._fp_digits)
    _fp_digits                               0x080051a1   Thumb Code   366  printfa.o(i._fp_digits)
    i._printf_core                           0x08005324   Section        0  printfa.o(i._printf_core)
    _printf_core                             0x08005325   Thumb Code  1744  printfa.o(i._printf_core)
    i._printf_post_padding                   0x08005a00   Section        0  printfa.o(i._printf_post_padding)
    _printf_post_padding                     0x08005a01   Thumb Code    36  printfa.o(i._printf_post_padding)
    i._printf_pre_padding                    0x08005a24   Section        0  printfa.o(i._printf_pre_padding)
    _printf_pre_padding                      0x08005a25   Thumb Code    46  printfa.o(i._printf_pre_padding)
    i._snputc                                0x08005a52   Section        0  printfa.o(i._snputc)
    _snputc                                  0x08005a53   Thumb Code    22  printfa.o(i._snputc)
    i._sputc                                 0x08005a68   Section        0  printfa.o(i._sputc)
    _sputc                                   0x08005a69   Thumb Code    10  printfa.o(i._sputc)
    i.floor                                  0x08005a74   Section        0  floor.o(i.floor)
    i.free                                   0x08005b50   Section        0  malloc.o(i.free)
    i.malloc                                 0x08005ba0   Section        0  malloc.o(i.malloc)
    i.pow                                    0x08005c0c   Section        0  pow.o(i.pow)
    i.sqrt                                   0x080065e4   Section        0  sqrt.o(i.sqrt)
    .constdata                               0x08006630   Section        4  main.o(.constdata)
    .constdata                               0x08006634   Section        7  cjson.o(.constdata)
    firstByteMark                            0x08006634   Data           7  cjson.o(.constdata)
    .constdata                               0x08006640   Section      136  pow.o(.constdata)
    bp                                       0x08006640   Data          16  pow.o(.constdata)
    dp_h                                     0x08006650   Data          16  pow.o(.constdata)
    dp_l                                     0x08006660   Data          16  pow.o(.constdata)
    L                                        0x08006670   Data          48  pow.o(.constdata)
    P                                        0x080066a0   Data          40  pow.o(.constdata)
    .constdata                               0x080066c8   Section        8  qnan.o(.constdata)
    .constdata                               0x080066d0   Section      129  ctype_o.o(.constdata)
    .constdata                               0x08006754   Section        4  ctype_o.o(.constdata)
    table                                    0x08006754   Data           4  ctype_o.o(.constdata)
    .conststring                             0x08006758   Section        8  main.o(.conststring)
    .data                                    0x20000000   Section       20  system_stm32f10x.o(.data)
    .data                                    0x20000014   Section        4  esp8266.o(.data)
    .data                                    0x20000018   Section        2  onenet.o(.data)
    pkt_id                                   0x20000018   Data           2  onenet.o(.data)
    .data                                    0x2000001a   Section        4  delay.o(.data)
    fac_us                                   0x2000001a   Data           1  delay.o(.data)
    fac_ms                                   0x2000001c   Data           2  delay.o(.data)
    .data                                    0x20000020   Section       12  cjson.o(.data)
    ep                                       0x20000020   Data           4  cjson.o(.data)
    cJSON_malloc                             0x20000024   Data           4  cjson.o(.data)
    cJSON_free                               0x20000028   Data           4  cjson.o(.data)
    .data                                    0x2000002c   Section       20  stm32f10x_rcc.o(.data)
    APBAHBPrescTable                         0x2000002c   Data          16  stm32f10x_rcc.o(.data)
    ADCPrescTable                            0x2000003c   Data           4  stm32f10x_rcc.o(.data)
    .data                                    0x20000040   Section        4  mvars.o(.data)
    .data                                    0x20000044   Section        4  mvars.o(.data)
    .data                                    0x20000048   Section        4  errno.o(.data)
    _errno                                   0x20000048   Data           4  errno.o(.data)
    .bss                                     0x2000004c   Section      512  main.o(.bss)
    .bss                                     0x2000024c   Section      128  esp8266.o(.bss)
    HEAP                                     0x200002d0   Section      512  startup_stm32f10x_hd.o(HEAP)
    STACK                                    0x200004d0   Section     1024  startup_stm32f10x_hd.o(STACK)

    Global Symbols

    Symbol Name                              Value     Ov Type        Size  Object(Section)

    BuildAttributes$$THM_ISAv4$P$D$K$B$S$PE$A:L22UL41UL21$X:L11$S22US41US21$IEEE1$IW$USESV6$~STKCKD$USESV7$~SHL$OTIME$ROPI$IEEEX$EBA8$MICROLIB$REQ8$PRES8$EABIv2 0x00000000   Number         0  anon$$obj.o ABSOLUTE
    __ARM_use_no_argv                        0x00000000   Number         0  main.o ABSOLUTE
    _printf_a                                0x00000000   Number         0  stubs.o ABSOLUTE
    _printf_c                                0x00000000   Number         0  stubs.o ABSOLUTE
    _printf_charcount                        0x00000000   Number         0  stubs.o ABSOLUTE
    _printf_d                                0x00000000   Number         0  stubs.o ABSOLUTE
    _printf_e                                0x00000000   Number         0  stubs.o ABSOLUTE
    _printf_f                                0x00000000   Number         0  stubs.o ABSOLUTE
    _printf_flags                            0x00000000   Number         0  stubs.o ABSOLUTE
    _printf_fp_dec                           0x00000000   Number         0  stubs.o ABSOLUTE
    _printf_fp_hex                           0x00000000   Number         0  stubs.o ABSOLUTE
    _printf_g                                0x00000000   Number         0  stubs.o ABSOLUTE
    _printf_i                                0x00000000   Number         0  stubs.o ABSOLUTE
    _printf_int_dec                          0x00000000   Number         0  stubs.o ABSOLUTE
    _printf_l                                0x00000000   Number         0  stubs.o ABSOLUTE
    _printf_lc                               0x00000000   Number         0  stubs.o ABSOLUTE
    _printf_ll                               0x00000000   Number         0  stubs.o ABSOLUTE
    _printf_lld                              0x00000000   Number         0  stubs.o ABSOLUTE
    _printf_lli                              0x00000000   Number         0  stubs.o ABSOLUTE
    _printf_llo                              0x00000000   Number         0  stubs.o ABSOLUTE
    _printf_llu                              0x00000000   Number         0  stubs.o ABSOLUTE
    _printf_llx                              0x00000000   Number         0  stubs.o ABSOLUTE
    _printf_longlong_dec                     0x00000000   Number         0  stubs.o ABSOLUTE
    _printf_longlong_hex                     0x00000000   Number         0  stubs.o ABSOLUTE
    _printf_longlong_oct                     0x00000000   Number         0  stubs.o ABSOLUTE
    _printf_ls                               0x00000000   Number         0  stubs.o ABSOLUTE
    _printf_mbtowc                           0x00000000   Number         0  stubs.o ABSOLUTE
    _printf_n                                0x00000000   Number         0  stubs.o ABSOLUTE
    _printf_o                                0x00000000   Number         0  stubs.o ABSOLUTE
    _printf_p                                0x00000000   Number         0  stubs.o ABSOLUTE
    _printf_percent                          0x00000000   Number         0  stubs.o ABSOLUTE
    _printf_pre_padding                      0x00000000   Number         0  stubs.o ABSOLUTE
    _printf_return_value                     0x00000000   Number         0  stubs.o ABSOLUTE
    _printf_s                                0x00000000   Number         0  stubs.o ABSOLUTE
    _printf_sizespec                         0x00000000   Number         0  stubs.o ABSOLUTE
    _printf_str                              0x00000000   Number         0  stubs.o ABSOLUTE
    _printf_truncate_signed                  0x00000000   Number         0  stubs.o ABSOLUTE
    _printf_truncate_unsigned                0x00000000   Number         0  stubs.o ABSOLUTE
    _printf_u                                0x00000000   Number         0  stubs.o ABSOLUTE
    _printf_wc                               0x00000000   Number         0  stubs.o ABSOLUTE
    _printf_wctomb                           0x00000000   Number         0  stubs.o ABSOLUTE
    _printf_widthprec                        0x00000000   Number         0  stubs.o ABSOLUTE
    _printf_x                                0x00000000   Number         0  stubs.o ABSOLUTE
    __cpp_initialize__aeabi_                  - Undefined Weak Reference
    __cxa_finalize                            - Undefined Weak Reference
    __decompress                              - Undefined Weak Reference
    _clock_init                               - Undefined Weak Reference
    _microlib_exit                            - Undefined Weak Reference
    __Vectors_Size                           0x00000130   Number         0  startup_stm32f10x_hd.o ABSOLUTE
    __Vectors                                0x08000000   Data           4  startup_stm32f10x_hd.o(RESET)
    __Vectors_End                            0x08000130   Data           0  startup_stm32f10x_hd.o(RESET)
    __main                                   0x08000131   Thumb Code     0  entry.o(.ARM.Collect$$$$00000000)
    _main_stk                                0x08000131   Thumb Code     0  entry2.o(.ARM.Collect$$$$00000001)
    _main_scatterload                        0x08000135   Thumb Code     0  entry5.o(.ARM.Collect$$$$00000004)
    __main_after_scatterload                 0x08000139   Thumb Code     0  entry5.o(.ARM.Collect$$$$00000004)
    _main_clock                              0x08000139   Thumb Code     0  entry7b.o(.ARM.Collect$$$$00000008)
    _main_cpp_init                           0x08000139   Thumb Code     0  entry8b.o(.ARM.Collect$$$$0000000A)
    _main_init                               0x08000139   Thumb Code     0  entry9a.o(.ARM.Collect$$$$0000000B)
    __rt_final_cpp                           0x08000141   Thumb Code     0  entry10a.o(.ARM.Collect$$$$0000000D)
    __rt_final_exit                          0x08000141   Thumb Code     0  entry11a.o(.ARM.Collect$$$$0000000F)
    fputc                                    0x08000145   Thumb Code    32  main.o(.text)
    main                                     0x08000165   Thumb Code   168  main.o(.text)
    NMI_Handler                              0x08000289   Thumb Code     2  stm32f10x_it.o(.text)
    HardFault_Handler                        0x0800028b   Thumb Code     4  stm32f10x_it.o(.text)
    MemManage_Handler                        0x0800028f   Thumb Code     4  stm32f10x_it.o(.text)
    BusFault_Handler                         0x08000293   Thumb Code     4  stm32f10x_it.o(.text)
    UsageFault_Handler                       0x08000297   Thumb Code     4  stm32f10x_it.o(.text)
    SVC_Handler                              0x0800029b   Thumb Code     2  stm32f10x_it.o(.text)
    DebugMon_Handler                         0x0800029d   Thumb Code     2  stm32f10x_it.o(.text)
    PendSV_Handler                           0x0800029f   Thumb Code     2  stm32f10x_it.o(.text)
    SysTick_Handler                          0x080002a1   Thumb Code     2  stm32f10x_it.o(.text)
    SystemInit                               0x08000383   Thumb Code    78  system_stm32f10x.o(.text)
    SystemCoreClockUpdate                    0x080003d1   Thumb Code   142  system_stm32f10x.o(.text)
    LED_Init                                 0x08000485   Thumb Code    46  led.o(.text)
    ESP8266_Clear                            0x080004b9   Thumb Code    18  esp8266.o(.text)
    ESP8266_WaitRecive                       0x080004cb   Thumb Code    42  esp8266.o(.text)
    ESP8266_SendCmd                          0x080004f5   Thumb Code    76  esp8266.o(.text)
    ESP8266_SendData                         0x08000541   Thumb Code    46  esp8266.o(.text)
    ESP8266_GetIPD                           0x0800056f   Thumb Code    66  esp8266.o(.text)
    ESP8266_Init                             0x080005b1   Thumb Code   276  esp8266.o(.text)
    USART2_IRQHandler                        0x080006c5   Thumb Code    62  esp8266.o(.text)
    MQTT_NewBuffer                           0x08000841   Thumb Code    88  mqttkit.o(.text)
    MQTT_DeleteBuffer                        0x08000899   Thumb Code    28  mqttkit.o(.text)
    MQTT_DumpLength                          0x080008b5   Thumb Code    46  mqttkit.o(.text)
    MQTT_ReadLength                          0x080008e3   Thumb Code    70  mqttkit.o(.text)
    MQTT_UnPacketRecv                        0x08000929   Thumb Code   106  mqttkit.o(.text)
    MQTT_PacketConnect                       0x08000993   Thumb Code   666  mqttkit.o(.text)
    MQTT_PacketDisConnect                    0x08000c2d   Thumb Code    48  mqttkit.o(.text)
    MQTT_UnPacketConnectAck                  0x08000c5d   Thumb Code    30  mqttkit.o(.text)
    MQTT_PacketPublish                       0x08000c7b   Thumb Code   452  mqttkit.o(.text)
    MQTT_PacketSaveData                      0x08000e3f   Thumb Code    88  mqttkit.o(.text)
    MQTT_PacketSaveBinData                   0x08000e97   Thumb Code   192  mqttkit.o(.text)
    MQTT_UnPacketCmd                         0x08000f57   Thumb Code   140  mqttkit.o(.text)
    MQTT_PacketCmdResp                       0x08000fe3   Thumb Code   132  mqttkit.o(.text)
    MQTT_PacketSubscribe                     0x08001067   Thumb Code   254  mqttkit.o(.text)
    MQTT_UnPacketSubscribe                   0x08001165   Thumb Code    52  mqttkit.o(.text)
    MQTT_PacketUnSubscribe                   0x08001199   Thumb Code   268  mqttkit.o(.text)
    MQTT_UnPacketUnSubscribe                 0x080012a5   Thumb Code    18  mqttkit.o(.text)
    MQTT_UnPacketPublish                     0x080012b7   Thumb Code   440  mqttkit.o(.text)
    MQTT_PacketPublishAck                    0x0800146f   Thumb Code    72  mqttkit.o(.text)
    MQTT_UnPacketPublishAck                  0x080014b7   Thumb Code    30  mqttkit.o(.text)
    MQTT_PacketPublishRec                    0x080014d5   Thumb Code    72  mqttkit.o(.text)
    MQTT_UnPacketPublishRec                  0x0800151d   Thumb Code    30  mqttkit.o(.text)
    MQTT_PacketPublishRel                    0x0800153b   Thumb Code    72  mqttkit.o(.text)
    MQTT_UnPacketPublishRel                  0x08001583   Thumb Code    36  mqttkit.o(.text)
    MQTT_PacketPublishComp                   0x080015a7   Thumb Code    72  mqttkit.o(.text)
    MQTT_UnPacketPublishComp                 0x080015ef   Thumb Code    30  mqttkit.o(.text)
    MQTT_PacketPing                          0x0800160d   Thumb Code    48  mqttkit.o(.text)
    OneNet_DevLink                           0x0800163d   Thumb Code   212  onenet.o(.text)
    OneNet_Subscribe                         0x08001711   Thumb Code    80  onenet.o(.text)
    OneNet_Publish                           0x08001761   Thumb Code    86  onenet.o(.text)
    OneNet_RevPro                            0x080017b7   Thumb Code  1368  onenet.o(.text)
    delay_init                               0x08001d11   Thumb Code    50  delay.o(.text)
    delay_us                                 0x08001d43   Thumb Code    72  delay.o(.text)
    delay_ms                                 0x08001d8b   Thumb Code    72  delay.o(.text)
    Usart1_Init                              0x08001de5   Thumb Code   166  usart.o(.text)
    Usart2_Init                              0x08001e8b   Thumb Code   162  usart.o(.text)
    Usart3_Init                              0x08001f2d   Thumb Code   164  usart.o(.text)
    Usart_SendString                         0x08001fd1   Thumb Code    50  usart.o(.text)
    UsartPrintf                              0x08002003   Thumb Code    72  usart.o(.text)
    USART1_IRQHandler                        0x0800204b   Thumb Code    24  usart.o(.text)
    cJSON_GetErrorPtr                        0x08002079   Thumb Code     6  cjson.o(.text)
    cJSON_InitHooks                          0x080020f3   Thumb Code    48  cjson.o(.text)
    cJSON_Delete                             0x0800213d   Thumb Code    82  cjson.o(.text)
    cJSON_ParseWithOpts                      0x08002ca9   Thumb Code   152  cjson.o(.text)
    cJSON_Parse                              0x08002d41   Thumb Code    16  cjson.o(.text)
    cJSON_Print                              0x080034d1   Thumb Code    18  cjson.o(.text)
    cJSON_PrintUnformatted                   0x080034e3   Thumb Code    18  cjson.o(.text)
    cJSON_PrintBuffered                      0x080034f5   Thumb Code    52  cjson.o(.text)
    cJSON_GetArraySize                       0x08003529   Thumb Code    18  cjson.o(.text)
    cJSON_GetArrayItem                       0x0800353b   Thumb Code    18  cjson.o(.text)
    cJSON_GetObjectItem                      0x0800354d   Thumb Code    30  cjson.o(.text)
    cJSON_AddItemToArray                     0x080035a1   Thumb Code    42  cjson.o(.text)
    cJSON_AddItemToObject                    0x080035cb   Thumb Code    44  cjson.o(.text)
    cJSON_AddItemToObjectCS                  0x080035f7   Thumb Code    54  cjson.o(.text)
    cJSON_AddItemReferenceToArray            0x0800362d   Thumb Code    24  cjson.o(.text)
    cJSON_AddItemReferenceToObject           0x08003645   Thumb Code    32  cjson.o(.text)
    cJSON_DetachItemFromArray                0x08003665   Thumb Code    66  cjson.o(.text)
    cJSON_DeleteItemFromArray                0x080036a7   Thumb Code    22  cjson.o(.text)
    cJSON_DetachItemFromObject               0x080036bd   Thumb Code    50  cjson.o(.text)
    cJSON_DeleteItemFromObject               0x080036ef   Thumb Code    22  cjson.o(.text)
    cJSON_InsertItemInArray                  0x08003705   Thumb Code    64  cjson.o(.text)
    cJSON_ReplaceItemInArray                 0x08003745   Thumb Code    76  cjson.o(.text)
    cJSON_ReplaceItemInObject                0x08003791   Thumb Code    62  cjson.o(.text)
    cJSON_CreateNull                         0x080037cf   Thumb Code    18  cjson.o(.text)
    cJSON_CreateTrue                         0x080037e1   Thumb Code    18  cjson.o(.text)
    cJSON_CreateFalse                        0x080037f3   Thumb Code    18  cjson.o(.text)
    cJSON_CreateBool                         0x08003805   Thumb Code    26  cjson.o(.text)
    cJSON_CreateNumber                       0x0800381f   Thumb Code    36  cjson.o(.text)
    cJSON_CreateString                       0x08003843   Thumb Code    28  cjson.o(.text)
    cJSON_CreateArray                        0x0800385f   Thumb Code    18  cjson.o(.text)
    cJSON_CreateObject                       0x08003871   Thumb Code    18  cjson.o(.text)
    cJSON_CreateIntArray                     0x08003883   Thumb Code    68  cjson.o(.text)
    cJSON_CreateFloatArray                   0x080038c7   Thumb Code    68  cjson.o(.text)
    cJSON_CreateDoubleArray                  0x0800390b   Thumb Code    68  cjson.o(.text)
    cJSON_CreateStringArray                  0x0800394f   Thumb Code    62  cjson.o(.text)
    cJSON_Duplicate                          0x0800398d   Thumb Code   178  cjson.o(.text)
    cJSON_Minify                             0x08003a3f   Thumb Code   186  cjson.o(.text)
    Reset_Handler                            0x08003af9   Thumb Code     8  startup_stm32f10x_hd.o(.text)
    ADC1_2_IRQHandler                        0x08003b13   Thumb Code     0  startup_stm32f10x_hd.o(.text)
    ADC3_IRQHandler                          0x08003b13   Thumb Code     0  startup_stm32f10x_hd.o(.text)
    CAN1_RX1_IRQHandler                      0x08003b13   Thumb Code     0  startup_stm32f10x_hd.o(.text)
    CAN1_SCE_IRQHandler                      0x08003b13   Thumb Code     0  startup_stm32f10x_hd.o(.text)
    DMA1_Channel1_IRQHandler                 0x08003b13   Thumb Code     0  startup_stm32f10x_hd.o(.text)
    DMA1_Channel2_IRQHandler                 0x08003b13   Thumb Code     0  startup_stm32f10x_hd.o(.text)
    DMA1_Channel3_IRQHandler                 0x08003b13   Thumb Code     0  startup_stm32f10x_hd.o(.text)
    DMA1_Channel4_IRQHandler                 0x08003b13   Thumb Code     0  startup_stm32f10x_hd.o(.text)
    DMA1_Channel5_IRQHandler                 0x08003b13   Thumb Code     0  startup_stm32f10x_hd.o(.text)
    DMA1_Channel6_IRQHandler                 0x08003b13   Thumb Code     0  startup_stm32f10x_hd.o(.text)
    DMA1_Channel7_IRQHandler                 0x08003b13   Thumb Code     0  startup_stm32f10x_hd.o(.text)
    DMA2_Channel1_IRQHandler                 0x08003b13   Thumb Code     0  startup_stm32f10x_hd.o(.text)
    DMA2_Channel2_IRQHandler                 0x08003b13   Thumb Code     0  startup_stm32f10x_hd.o(.text)
    DMA2_Channel3_IRQHandler                 0x08003b13   Thumb Code     0  startup_stm32f10x_hd.o(.text)
    DMA2_Channel4_5_IRQHandler               0x08003b13   Thumb Code     0  startup_stm32f10x_hd.o(.text)
    EXTI0_IRQHandler                         0x08003b13   Thumb Code     0  startup_stm32f10x_hd.o(.text)
    EXTI15_10_IRQHandler                     0x08003b13   Thumb Code     0  startup_stm32f10x_hd.o(.text)
    EXTI1_IRQHandler                         0x08003b13   Thumb Code     0  startup_stm32f10x_hd.o(.text)
    EXTI2_IRQHandler                         0x08003b13   Thumb Code     0  startup_stm32f10x_hd.o(.text)
    EXTI3_IRQHandler                         0x08003b13   Thumb Code     0  startup_stm32f10x_hd.o(.text)
    EXTI4_IRQHandler                         0x08003b13   Thumb Code     0  startup_stm32f10x_hd.o(.text)
    EXTI9_5_IRQHandler                       0x08003b13   Thumb Code     0  startup_stm32f10x_hd.o(.text)
    FLASH_IRQHandler                         0x08003b13   Thumb Code     0  startup_stm32f10x_hd.o(.text)
    FSMC_IRQHandler                          0x08003b13   Thumb Code     0  startup_stm32f10x_hd.o(.text)
    I2C1_ER_IRQHandler                       0x08003b13   Thumb Code     0  startup_stm32f10x_hd.o(.text)
    I2C1_EV_IRQHandler                       0x08003b13   Thumb Code     0  startup_stm32f10x_hd.o(.text)
    I2C2_ER_IRQHandler                       0x08003b13   Thumb Code     0  startup_stm32f10x_hd.o(.text)
    I2C2_EV_IRQHandler                       0x08003b13   Thumb Code     0  startup_stm32f10x_hd.o(.text)
    PVD_IRQHandler                           0x08003b13   Thumb Code     0  startup_stm32f10x_hd.o(.text)
    RCC_IRQHandler                           0x08003b13   Thumb Code     0  startup_stm32f10x_hd.o(.text)
    RTCAlarm_IRQHandler                      0x08003b13   Thumb Code     0  startup_stm32f10x_hd.o(.text)
    RTC_IRQHandler                           0x08003b13   Thumb Code     0  startup_stm32f10x_hd.o(.text)
    SDIO_IRQHandler                          0x08003b13   Thumb Code     0  startup_stm32f10x_hd.o(.text)
    SPI1_IRQHandler                          0x08003b13   Thumb Code     0  startup_stm32f10x_hd.o(.text)
    SPI2_IRQHandler                          0x08003b13   Thumb Code     0  startup_stm32f10x_hd.o(.text)
    SPI3_IRQHandler                          0x08003b13   Thumb Code     0  startup_stm32f10x_hd.o(.text)
    TAMPER_IRQHandler                        0x08003b13   Thumb Code     0  startup_stm32f10x_hd.o(.text)
    TIM1_BRK_IRQHandler                      0x08003b13   Thumb Code     0  startup_stm32f10x_hd.o(.text)
    TIM1_CC_IRQHandler                       0x08003b13   Thumb Code     0  startup_stm32f10x_hd.o(.text)
    TIM1_TRG_COM_IRQHandler                  0x08003b13   Thumb Code     0  startup_stm32f10x_hd.o(.text)
    TIM1_UP_IRQHandler                       0x08003b13   Thumb Code     0  startup_stm32f10x_hd.o(.text)
    TIM2_IRQHandler                          0x08003b13   Thumb Code     0  startup_stm32f10x_hd.o(.text)
    TIM3_IRQHandler                          0x08003b13   Thumb Code     0  startup_stm32f10x_hd.o(.text)
    TIM4_IRQHandler                          0x08003b13   Thumb Code     0  startup_stm32f10x_hd.o(.text)
    TIM5_IRQHandler                          0x08003b13   Thumb Code     0  startup_stm32f10x_hd.o(.text)
    TIM6_IRQHandler                          0x08003b13   Thumb Code     0  startup_stm32f10x_hd.o(.text)
    TIM7_IRQHandler                          0x08003b13   Thumb Code     0  startup_stm32f10x_hd.o(.text)
    TIM8_BRK_IRQHandler                      0x08003b13   Thumb Code     0  startup_stm32f10x_hd.o(.text)
    TIM8_CC_IRQHandler                       0x08003b13   Thumb Code     0  startup_stm32f10x_hd.o(.text)
    TIM8_TRG_COM_IRQHandler                  0x08003b13   Thumb Code     0  startup_stm32f10x_hd.o(.text)
    TIM8_UP_IRQHandler                       0x08003b13   Thumb Code     0  startup_stm32f10x_hd.o(.text)
    UART4_IRQHandler                         0x08003b13   Thumb Code     0  startup_stm32f10x_hd.o(.text)
    UART5_IRQHandler                         0x08003b13   Thumb Code     0  startup_stm32f10x_hd.o(.text)
    USART3_IRQHandler                        0x08003b13   Thumb Code     0  startup_stm32f10x_hd.o(.text)
    USBWakeUp_IRQHandler                     0x08003b13   Thumb Code     0  startup_stm32f10x_hd.o(.text)
    USB_HP_CAN1_TX_IRQHandler                0x08003b13   Thumb Code     0  startup_stm32f10x_hd.o(.text)
    USB_LP_CAN1_RX0_IRQHandler               0x08003b13   Thumb Code     0  startup_stm32f10x_hd.o(.text)
    WWDG_IRQHandler                          0x08003b13   Thumb Code     0  startup_stm32f10x_hd.o(.text)
    GPIO_DeInit                              0x08003b1d   Thumb Code   172  stm32f10x_gpio.o(.text)
    GPIO_AFIODeInit                          0x08003bc9   Thumb Code    20  stm32f10x_gpio.o(.text)
    GPIO_Init                                0x08003bdd   Thumb Code   278  stm32f10x_gpio.o(.text)
    GPIO_StructInit                          0x08003cf3   Thumb Code    16  stm32f10x_gpio.o(.text)
    GPIO_ReadInputDataBit                    0x08003d03   Thumb Code    18  stm32f10x_gpio.o(.text)
    GPIO_ReadInputData                       0x08003d15   Thumb Code     8  stm32f10x_gpio.o(.text)
    GPIO_ReadOutputDataBit                   0x08003d1d   Thumb Code    18  stm32f10x_gpio.o(.text)
    GPIO_ReadOutputData                      0x08003d2f   Thumb Code     8  stm32f10x_gpio.o(.text)
    GPIO_SetBits                             0x08003d37   Thumb Code     4  stm32f10x_gpio.o(.text)
    GPIO_ResetBits                           0x08003d3b   Thumb Code     4  stm32f10x_gpio.o(.text)
    GPIO_WriteBit                            0x08003d3f   Thumb Code    10  stm32f10x_gpio.o(.text)
    GPIO_Write                               0x08003d49   Thumb Code     4  stm32f10x_gpio.o(.text)
    GPIO_PinLockConfig                       0x08003d4d   Thumb Code    18  stm32f10x_gpio.o(.text)
    GPIO_EventOutputConfig                   0x08003d5f   Thumb Code    26  stm32f10x_gpio.o(.text)
    GPIO_EventOutputCmd                      0x08003d79   Thumb Code     6  stm32f10x_gpio.o(.text)
    GPIO_PinRemapConfig                      0x08003d7f   Thumb Code   138  stm32f10x_gpio.o(.text)
    GPIO_EXTILineConfig                      0x08003e09   Thumb Code    66  stm32f10x_gpio.o(.text)
    GPIO_ETH_MediaInterfaceConfig            0x08003e4b   Thumb Code     8  stm32f10x_gpio.o(.text)
    RCC_DeInit                               0x08003e79   Thumb Code    64  stm32f10x_rcc.o(.text)
    RCC_HSEConfig                            0x08003eb9   Thumb Code    70  stm32f10x_rcc.o(.text)
    RCC_GetFlagStatus                        0x08003eff   Thumb Code    56  stm32f10x_rcc.o(.text)
    RCC_WaitForHSEStartUp                    0x08003f37   Thumb Code    56  stm32f10x_rcc.o(.text)
    RCC_AdjustHSICalibrationValue            0x08003f6f   Thumb Code    20  stm32f10x_rcc.o(.text)
    RCC_HSICmd                               0x08003f83   Thumb Code     6  stm32f10x_rcc.o(.text)
    RCC_PLLConfig                            0x08003f89   Thumb Code    24  stm32f10x_rcc.o(.text)
    RCC_PLLCmd                               0x08003fa1   Thumb Code     6  stm32f10x_rcc.o(.text)
    RCC_SYSCLKConfig                         0x08003fa7   Thumb Code    18  stm32f10x_rcc.o(.text)
    RCC_GetSYSCLKSource                      0x08003fb9   Thumb Code    10  stm32f10x_rcc.o(.text)
    RCC_HCLKConfig                           0x08003fc3   Thumb Code    18  stm32f10x_rcc.o(.text)
    RCC_PCLK1Config                          0x08003fd5   Thumb Code    18  stm32f10x_rcc.o(.text)
    RCC_PCLK2Config                          0x08003fe7   Thumb Code    20  stm32f10x_rcc.o(.text)
    RCC_ITConfig                             0x08003ffb   Thumb Code    26  stm32f10x_rcc.o(.text)
    RCC_USBCLKConfig                         0x08004015   Thumb Code     8  stm32f10x_rcc.o(.text)
    RCC_ADCCLKConfig                         0x0800401d   Thumb Code    18  stm32f10x_rcc.o(.text)
    RCC_LSEConfig                            0x0800402f   Thumb Code    50  stm32f10x_rcc.o(.text)
    RCC_LSICmd                               0x08004061   Thumb Code     6  stm32f10x_rcc.o(.text)
    RCC_RTCCLKConfig                         0x08004067   Thumb Code    12  stm32f10x_rcc.o(.text)
    RCC_RTCCLKCmd                            0x08004073   Thumb Code     8  stm32f10x_rcc.o(.text)
    RCC_GetClocksFreq                        0x0800407b   Thumb Code   192  stm32f10x_rcc.o(.text)
    RCC_AHBPeriphClockCmd                    0x0800413b   Thumb Code    26  stm32f10x_rcc.o(.text)
    RCC_APB2PeriphClockCmd                   0x08004155   Thumb Code    26  stm32f10x_rcc.o(.text)
    RCC_APB1PeriphClockCmd                   0x0800416f   Thumb Code    26  stm32f10x_rcc.o(.text)
    RCC_APB2PeriphResetCmd                   0x08004189   Thumb Code    26  stm32f10x_rcc.o(.text)
    RCC_APB1PeriphResetCmd                   0x080041a3   Thumb Code    26  stm32f10x_rcc.o(.text)
    RCC_BackupResetCmd                       0x080041bd   Thumb Code     8  stm32f10x_rcc.o(.text)
    RCC_ClockSecuritySystemCmd               0x080041c5   Thumb Code     6  stm32f10x_rcc.o(.text)
    RCC_MCOConfig                            0x080041cb   Thumb Code     6  stm32f10x_rcc.o(.text)
    RCC_ClearFlag                            0x080041d1   Thumb Code    14  stm32f10x_rcc.o(.text)
    RCC_GetITStatus                          0x080041df   Thumb Code    20  stm32f10x_rcc.o(.text)
    RCC_ClearITPendingBit                    0x080041f3   Thumb Code     6  stm32f10x_rcc.o(.text)
    USART_DeInit                             0x0800421d   Thumb Code   134  stm32f10x_usart.o(.text)
    USART_Init                               0x080042a3   Thumb Code   210  stm32f10x_usart.o(.text)
    USART_StructInit                         0x08004375   Thumb Code    24  stm32f10x_usart.o(.text)
    USART_ClockInit                          0x0800438d   Thumb Code    34  stm32f10x_usart.o(.text)
    USART_ClockStructInit                    0x080043af   Thumb Code    12  stm32f10x_usart.o(.text)
    USART_Cmd                                0x080043bb   Thumb Code    24  stm32f10x_usart.o(.text)
    USART_ITConfig                           0x080043d3   Thumb Code    74  stm32f10x_usart.o(.text)
    USART_DMACmd                             0x0800441d   Thumb Code    18  stm32f10x_usart.o(.text)
    USART_SetAddress                         0x0800442f   Thumb Code    18  stm32f10x_usart.o(.text)
    USART_WakeUpConfig                       0x08004441   Thumb Code    18  stm32f10x_usart.o(.text)
    USART_ReceiverWakeUpCmd                  0x08004453   Thumb Code    24  stm32f10x_usart.o(.text)
    USART_LINBreakDetectLengthConfig         0x0800446b   Thumb Code    18  stm32f10x_usart.o(.text)
    USART_LINCmd                             0x0800447d   Thumb Code    24  stm32f10x_usart.o(.text)
    USART_SendData                           0x08004495   Thumb Code     8  stm32f10x_usart.o(.text)
    USART_ReceiveData                        0x0800449d   Thumb Code    10  stm32f10x_usart.o(.text)
    USART_SendBreak                          0x080044a7   Thumb Code    10  stm32f10x_usart.o(.text)
    USART_SetGuardTime                       0x080044b1   Thumb Code    16  stm32f10x_usart.o(.text)
    USART_SetPrescaler                       0x080044c1   Thumb Code    16  stm32f10x_usart.o(.text)
    USART_SmartCardCmd                       0x080044d1   Thumb Code    24  stm32f10x_usart.o(.text)
    USART_SmartCardNACKCmd                   0x080044e9   Thumb Code    24  stm32f10x_usart.o(.text)
    USART_HalfDuplexCmd                      0x08004501   Thumb Code    24  stm32f10x_usart.o(.text)
    USART_OverSampling8Cmd                   0x08004519   Thumb Code    22  stm32f10x_usart.o(.text)
    USART_OneBitMethodCmd                    0x0800452f   Thumb Code    24  stm32f10x_usart.o(.text)
    USART_IrDAConfig                         0x08004547   Thumb Code    18  stm32f10x_usart.o(.text)
    USART_IrDACmd                            0x08004559   Thumb Code    24  stm32f10x_usart.o(.text)
    USART_GetFlagStatus                      0x08004571   Thumb Code    26  stm32f10x_usart.o(.text)
    USART_ClearFlag                          0x0800458b   Thumb Code    18  stm32f10x_usart.o(.text)
    USART_GetITStatus                        0x0800459d   Thumb Code    84  stm32f10x_usart.o(.text)
    USART_ClearITPendingBit                  0x080045f1   Thumb Code    52  stm32f10x_usart.o(.text)
    NVIC_PriorityGroupConfig                 0x08004625   Thumb Code    10  misc.o(.text)
    NVIC_Init                                0x0800462f   Thumb Code   100  misc.o(.text)
    NVIC_SetVectorTable                      0x08004693   Thumb Code    14  misc.o(.text)
    NVIC_SystemLPConfig                      0x080046a1   Thumb Code    34  misc.o(.text)
    SysTick_CLKSourceConfig                  0x080046c3   Thumb Code    40  misc.o(.text)
    tolower                                  0x08004701   Thumb Code    12  tolower.o(.text)
    __aeabi_memcpy                           0x0800470d   Thumb Code    36  memcpya.o(.text)
    __aeabi_memcpy4                          0x0800470d   Thumb Code     0  memcpya.o(.text)
    __aeabi_memcpy8                          0x0800470d   Thumb Code     0  memcpya.o(.text)
    __aeabi_memset                           0x08004731   Thumb Code    14  memseta.o(.text)
    __aeabi_memset4                          0x08004731   Thumb Code     0  memseta.o(.text)
    __aeabi_memset8                          0x08004731   Thumb Code     0  memseta.o(.text)
    __aeabi_memclr                           0x0800473f   Thumb Code     4  memseta.o(.text)
    __aeabi_memclr4                          0x0800473f   Thumb Code     0  memseta.o(.text)
    __aeabi_memclr8                          0x0800473f   Thumb Code     0  memseta.o(.text)
    _memset$wrapper                          0x08004743   Thumb Code    18  memseta.o(.text)
    strstr                                   0x08004755   Thumb Code    36  strstr.o(.text)
    strchr                                   0x08004779   Thumb Code    20  strchr.o(.text)
    strlen                                   0x0800478d   Thumb Code    14  strlen.o(.text)
    strncat                                  0x0800479b   Thumb Code    40  strncat.o(.text)
    strcpy                                   0x080047c3   Thumb Code    18  strcpy.o(.text)
    strncmp                                  0x080047d5   Thumb Code    30  strncmp.o(.text)
    atoi                                     0x080047f3   Thumb Code    26  atoi.o(.text)
    __aeabi_dadd                             0x0800480d   Thumb Code   322  dadd.o(.text)
    __aeabi_dsub                             0x0800494f   Thumb Code     6  dadd.o(.text)
    __aeabi_drsub                            0x08004955   Thumb Code     6  dadd.o(.text)
    __aeabi_dmul                             0x0800495b   Thumb Code   228  dmul.o(.text)
    __aeabi_i2d                              0x08004a3f   Thumb Code    34  dflti.o(.text)
    __aeabi_d2iz                             0x08004a61   Thumb Code    62  dfixi.o(.text)
    __aeabi_f2d                              0x08004a9f   Thumb Code    38  f2d.o(.text)
    __aeabi_cdcmpeq                          0x08004ac5   Thumb Code     0  cdcmple.o(.text)
    __aeabi_cdcmple                          0x08004ac5   Thumb Code    48  cdcmple.o(.text)
    __aeabi_cdrcmple                         0x08004af5   Thumb Code    48  cdrcmple.o(.text)
    __aeabi_uidiv                            0x08004b25   Thumb Code     0  uidiv.o(.text)
    __aeabi_uidivmod                         0x08004b25   Thumb Code    44  uidiv.o(.text)
    __aeabi_uldivmod                         0x08004b51   Thumb Code    98  uldiv.o(.text)
    __aeabi_llsl                             0x08004bb3   Thumb Code    30  llshl.o(.text)
    _ll_shift_l                              0x08004bb3   Thumb Code     0  llshl.o(.text)
    __aeabi_llsr                             0x08004bd1   Thumb Code    32  llushr.o(.text)
    _ll_ushift_r                             0x08004bd1   Thumb Code     0  llushr.o(.text)
    __aeabi_lasr                             0x08004bf1   Thumb Code    36  llsshr.o(.text)
    _ll_sshift_r                             0x08004bf1   Thumb Code     0  llsshr.o(.text)
    strtol                                   0x08004c15   Thumb Code   112  strtol.o(.text)
    __I$use$fp                               0x08004c85   Thumb Code     0  iusefp.o(.text)
    _double_round                            0x08004c85   Thumb Code    30  depilogue.o(.text)
    _double_epilogue                         0x08004ca3   Thumb Code   156  depilogue.o(.text)
    __aeabi_ddiv                             0x08004d3f   Thumb Code   222  ddiv.o(.text)
    __ARM_scalbn                             0x08004e1d   Thumb Code    46  dscalb.o(.text)
    scalbn                                   0x08004e1d   Thumb Code     0  dscalb.o(.text)
    __aeabi_d2ulz                            0x08004e4b   Thumb Code    48  dfixul.o(.text)
    __scatterload                            0x08004e7d   Thumb Code    28  init.o(.text)
    __scatterload_rt2                        0x08004e7d   Thumb Code     0  init.o(.text)
    __rt_ctype_table                         0x08004ea1   Thumb Code     4  ctype_o.o(.text)
    _strtoul                                 0x08004ea9   Thumb Code   158  _strtoul.o(.text)
    _dsqrt                                   0x08004f47   Thumb Code   162  dsqrt.o(.text)
    _chval                                   0x08004fe9   Thumb Code    28  _chval.o(.text)
    __0sprintf                               0x08005005   Thumb Code    34  printfa.o(i.__0sprintf)
    __1sprintf                               0x08005005   Thumb Code     0  printfa.o(i.__0sprintf)
    __2sprintf                               0x08005005   Thumb Code     0  printfa.o(i.__0sprintf)
    __c89sprintf                             0x08005005   Thumb Code     0  printfa.o(i.__0sprintf)
    sprintf                                  0x08005005   Thumb Code     0  printfa.o(i.__0sprintf)
    __0vsnprintf                             0x0800502d   Thumb Code    40  printfa.o(i.__0vsnprintf)
    __1vsnprintf                             0x0800502d   Thumb Code     0  printfa.o(i.__0vsnprintf)
    __2vsnprintf                             0x0800502d   Thumb Code     0  printfa.o(i.__0vsnprintf)
    __c89vsnprintf                           0x0800502d   Thumb Code     0  printfa.o(i.__0vsnprintf)
    vsnprintf                                0x0800502d   Thumb Code     0  printfa.o(i.__0vsnprintf)
    __ARM_fpclassify                         0x08005059   Thumb Code    40  fpclassify.o(i.__ARM_fpclassify)
    __aeabi_errno_addr                       0x08005081   Thumb Code     4  errno.o(i.__aeabi_errno_addr)
    __rt_errno_addr                          0x08005081   Thumb Code     0  errno.o(i.__aeabi_errno_addr)
    __kernel_poly                            0x08005089   Thumb Code   170  poly.o(i.__kernel_poly)
    __mathlib_dbl_divzero                    0x08005135   Thumb Code    12  dunder.o(i.__mathlib_dbl_divzero)
    __mathlib_dbl_infnan2                    0x08005145   Thumb Code     4  dunder.o(i.__mathlib_dbl_infnan2)
    __mathlib_dbl_invalid                    0x08005149   Thumb Code    12  dunder.o(i.__mathlib_dbl_invalid)
    __mathlib_dbl_overflow                   0x08005155   Thumb Code    14  dunder.o(i.__mathlib_dbl_overflow)
    __mathlib_dbl_underflow                  0x08005165   Thumb Code    10  dunder.o(i.__mathlib_dbl_underflow)
    __scatterload_copy                       0x08005175   Thumb Code    14  handlers.o(i.__scatterload_copy)
    __scatterload_null                       0x08005183   Thumb Code     2  handlers.o(i.__scatterload_null)
    __scatterload_zeroinit                   0x08005185   Thumb Code    14  handlers.o(i.__scatterload_zeroinit)
    __set_errno                              0x08005195   Thumb Code     6  errno.o(i.__set_errno)
    floor                                    0x08005a75   Thumb Code   204  floor.o(i.floor)
    free                                     0x08005b51   Thumb Code    76  malloc.o(i.free)
    malloc                                   0x08005ba1   Thumb Code    92  malloc.o(i.malloc)
    pow                                      0x08005c0d   Thumb Code  2512  pow.o(i.pow)
    sqrt                                     0x080065e5   Thumb Code    76  sqrt.o(i.sqrt)
    __mathlib_zero                           0x080066c8   Data           8  qnan.o(.constdata)
    __ctype_table                            0x080066d0   Data         129  ctype_o.o(.constdata)
    Region$$Table$$Base                      0x08006760   Number         0  anon$$obj.o(Region$$Table)
    Region$$Table$$Limit                     0x08006780   Number         0  anon$$obj.o(Region$$Table)
    SystemCoreClock                          0x20000000   Data           4  system_stm32f10x.o(.data)
    AHBPrescTable                            0x20000004   Data          16  system_stm32f10x.o(.data)
    esp8266_cnt                              0x20000014   Data           2  esp8266.o(.data)
    esp8266_cntPre                           0x20000016   Data           2  esp8266.o(.data)
    __microlib_freelist                      0x20000040   Data           4  mvars.o(.data)
    __microlib_freelist_initialised          0x20000044   Data           4  mvars.o(.data)
    xinxi_id                                 0x2000004c   Data         256  main.o(.bss)
    PUB_BUF                                  0x2000014c   Data         256  main.o(.bss)
    esp8266_buf                              0x2000024c   Data         128  esp8266.o(.bss)
    __heap_base                              0x200002d0   Data           0  startup_stm32f10x_hd.o(HEAP)
    __heap_limit                             0x200004d0   Data           0  startup_stm32f10x_hd.o(HEAP)
    __initial_sp                             0x200008d0   Data           0  startup_stm32f10x_hd.o(STACK)



==============================================================================

Memory Map of the image

  Image Entry point : 0x08000131

  Load Region LR_IROM1 (Base: 0x08000000, Size: 0x000067cc, Max: 0x00010000, ABSOLUTE)

    Execution Region ER_IROM1 (Exec base: 0x08000000, Load base: 0x08000000, Size: 0x00006780, Max: 0x00010000, ABSOLUTE)

    Exec Addr    Load Addr    Size         Type   Attr      Idx    E Section Name        Object

    0x08000000   0x08000000   0x00000130   Data   RO          363    RESET               startup_stm32f10x_hd.o
    0x08000130   0x08000130   0x00000000   Code   RO          432  * .ARM.Collect$$$$00000000  mc_w.l(entry.o)
    0x08000130   0x08000130   0x00000004   Code   RO          787    .ARM.Collect$$$$00000001  mc_w.l(entry2.o)
    0x08000134   0x08000134   0x00000004   Code   RO          790    .ARM.Collect$$$$00000004  mc_w.l(entry5.o)
    0x08000138   0x08000138   0x00000000   Code   RO          792    .ARM.Collect$$$$00000008  mc_w.l(entry7b.o)
    0x08000138   0x08000138   0x00000000   Code   RO          794    .ARM.Collect$$$$0000000A  mc_w.l(entry8b.o)
    0x08000138   0x08000138   0x00000008   Code   RO          795    .ARM.Collect$$$$0000000B  mc_w.l(entry9a.o)
    0x08000140   0x08000140   0x00000000   Code   RO          797    .ARM.Collect$$$$0000000D  mc_w.l(entry10a.o)
    0x08000140   0x08000140   0x00000000   Code   RO          799    .ARM.Collect$$$$0000000F  mc_w.l(entry11a.o)
    0x08000140   0x08000140   0x00000004   Code   RO          788    .ARM.Collect$$$$00002712  mc_w.l(entry2.o)
    0x08000144   0x08000144   0x00000144   Code   RO            1    .text               main.o
    0x08000288   0x08000288   0x0000001a   Code   RO          143    .text               stm32f10x_it.o
    0x080002a2   0x080002a2   0x00000002   PAD
    0x080002a4   0x080002a4   0x000001e0   Code   RO          184    .text               system_stm32f10x.o
    0x08000484   0x08000484   0x00000034   Code   RO          202    .text               led.o
    0x080004b8   0x080004b8   0x00000388   Code   RO          214    .text               esp8266.o
    0x08000840   0x08000840   0x00000dfc   Code   RO          237    .text               mqttkit.o
    0x0800163c   0x0800163c   0x000006d2   Code   RO          249    .text               onenet.o
    0x08001d0e   0x08001d0e   0x00000002   PAD
    0x08001d10   0x08001d10   0x000000d4   Code   RO          266    .text               delay.o
    0x08001de4   0x08001de4   0x00000294   Code   RO          297    .text               usart.o
    0x08002078   0x08002078   0x00001a80   Code   RO          316    .text               cjson.o
    0x08003af8   0x08003af8   0x00000024   Code   RO          364    .text               startup_stm32f10x_hd.o
    0x08003b1c   0x08003b1c   0x0000035c   Code   RO          368    .text               stm32f10x_gpio.o
    0x08003e78   0x08003e78   0x000003a4   Code   RO          380    .text               stm32f10x_rcc.o
    0x0800421c   0x0800421c   0x00000408   Code   RO          394    .text               stm32f10x_usart.o
    0x08004624   0x08004624   0x000000dc   Code   RO          406    .text               misc.o
    0x08004700   0x08004700   0x0000000c   Code   RO          435    .text               mc_w.l(tolower.o)
    0x0800470c   0x0800470c   0x00000024   Code   RO          437    .text               mc_w.l(memcpya.o)
    0x08004730   0x08004730   0x00000024   Code   RO          439    .text               mc_w.l(memseta.o)
    0x08004754   0x08004754   0x00000024   Code   RO          441    .text               mc_w.l(strstr.o)
    0x08004778   0x08004778   0x00000014   Code   RO          443    .text               mc_w.l(strchr.o)
    0x0800478c   0x0800478c   0x0000000e   Code   RO          445    .text               mc_w.l(strlen.o)
    0x0800479a   0x0800479a   0x00000028   Code   RO          447    .text               mc_w.l(strncat.o)
    0x080047c2   0x080047c2   0x00000012   Code   RO          449    .text               mc_w.l(strcpy.o)
    0x080047d4   0x080047d4   0x0000001e   Code   RO          451    .text               mc_w.l(strncmp.o)
    0x080047f2   0x080047f2   0x0000001a   Code   RO          744    .text               mc_w.l(atoi.o)
    0x0800480c   0x0800480c   0x0000014e   Code   RO          746    .text               mf_w.l(dadd.o)
    0x0800495a   0x0800495a   0x000000e4   Code   RO          748    .text               mf_w.l(dmul.o)
    0x08004a3e   0x08004a3e   0x00000022   Code   RO          750    .text               mf_w.l(dflti.o)
    0x08004a60   0x08004a60   0x0000003e   Code   RO          752    .text               mf_w.l(dfixi.o)
    0x08004a9e   0x08004a9e   0x00000026   Code   RO          754    .text               mf_w.l(f2d.o)
    0x08004ac4   0x08004ac4   0x00000030   Code   RO          756    .text               mf_w.l(cdcmple.o)
    0x08004af4   0x08004af4   0x00000030   Code   RO          758    .text               mf_w.l(cdrcmple.o)
    0x08004b24   0x08004b24   0x0000002c   Code   RO          802    .text               mc_w.l(uidiv.o)
    0x08004b50   0x08004b50   0x00000062   Code   RO          804    .text               mc_w.l(uldiv.o)
    0x08004bb2   0x08004bb2   0x0000001e   Code   RO          806    .text               mc_w.l(llshl.o)
    0x08004bd0   0x08004bd0   0x00000020   Code   RO          808    .text               mc_w.l(llushr.o)
    0x08004bf0   0x08004bf0   0x00000024   Code   RO          810    .text               mc_w.l(llsshr.o)
    0x08004c14   0x08004c14   0x00000070   Code   RO          821    .text               mc_w.l(strtol.o)
    0x08004c84   0x08004c84   0x00000000   Code   RO          823    .text               mc_w.l(iusefp.o)
    0x08004c84   0x08004c84   0x000000ba   Code   RO          824    .text               mf_w.l(depilogue.o)
    0x08004d3e   0x08004d3e   0x000000de   Code   RO          826    .text               mf_w.l(ddiv.o)
    0x08004e1c   0x08004e1c   0x0000002e   Code   RO          828    .text               mf_w.l(dscalb.o)
    0x08004e4a   0x08004e4a   0x00000030   Code   RO          830    .text               mf_w.l(dfixul.o)
    0x08004e7a   0x08004e7a   0x00000002   PAD
    0x08004e7c   0x08004e7c   0x00000024   Code   RO          832    .text               mc_w.l(init.o)
    0x08004ea0   0x08004ea0   0x00000008   Code   RO          834    .text               mc_w.l(ctype_o.o)
    0x08004ea8   0x08004ea8   0x0000009e   Code   RO          862    .text               mc_w.l(_strtoul.o)
    0x08004f46   0x08004f46   0x000000a2   Code   RO          864    .text               mf_w.l(dsqrt.o)
    0x08004fe8   0x08004fe8   0x0000001c   Code   RO          866    .text               mc_w.l(_chval.o)
    0x08005004   0x08005004   0x00000028   Code   RO          690    i.__0sprintf        mc_w.l(printfa.o)
    0x0800502c   0x0800502c   0x0000002c   Code   RO          693    i.__0vsnprintf      mc_w.l(printfa.o)
    0x08005058   0x08005058   0x00000028   Code   RO          774    i.__ARM_fpclassify  m_ws.l(fpclassify.o)
    0x08005080   0x08005080   0x00000008   Code   RO          814    i.__aeabi_errno_addr  mc_w.l(errno.o)
    0x08005088   0x08005088   0x000000aa   Code   RO          776    i.__kernel_poly     m_ws.l(poly.o)
    0x08005132   0x08005132   0x00000002   PAD
    0x08005134   0x08005134   0x00000010   Code   RO          760    i.__mathlib_dbl_divzero  m_ws.l(dunder.o)
    0x08005144   0x08005144   0x00000004   Code   RO          762    i.__mathlib_dbl_infnan2  m_ws.l(dunder.o)
    0x08005148   0x08005148   0x0000000c   Code   RO          763    i.__mathlib_dbl_invalid  m_ws.l(dunder.o)
    0x08005154   0x08005154   0x0000000e   Code   RO          764    i.__mathlib_dbl_overflow  m_ws.l(dunder.o)
    0x08005162   0x08005162   0x00000002   PAD
    0x08005164   0x08005164   0x00000010   Code   RO          766    i.__mathlib_dbl_underflow  m_ws.l(dunder.o)
    0x08005174   0x08005174   0x0000000e   Code   RO          870    i.__scatterload_copy  mc_w.l(handlers.o)
    0x08005182   0x08005182   0x00000002   Code   RO          871    i.__scatterload_null  mc_w.l(handlers.o)
    0x08005184   0x08005184   0x0000000e   Code   RO          872    i.__scatterload_zeroinit  mc_w.l(handlers.o)
    0x08005192   0x08005192   0x00000002   PAD
    0x08005194   0x08005194   0x0000000c   Code   RO          816    i.__set_errno       mc_w.l(errno.o)
    0x080051a0   0x080051a0   0x00000184   Code   RO          695    i._fp_digits        mc_w.l(printfa.o)
    0x08005324   0x08005324   0x000006dc   Code   RO          696    i._printf_core      mc_w.l(printfa.o)
    0x08005a00   0x08005a00   0x00000024   Code   RO          697    i._printf_post_padding  mc_w.l(printfa.o)
    0x08005a24   0x08005a24   0x0000002e   Code   RO          698    i._printf_pre_padding  mc_w.l(printfa.o)
    0x08005a52   0x08005a52   0x00000016   Code   RO          699    i._snputc           mc_w.l(printfa.o)
    0x08005a68   0x08005a68   0x0000000a   Code   RO          700    i._sputc            mc_w.l(printfa.o)
    0x08005a72   0x08005a72   0x00000002   PAD
    0x08005a74   0x08005a74   0x000000dc   Code   RO          419    i.floor             m_ws.l(floor.o)
    0x08005b50   0x08005b50   0x00000050   Code   RO          716    i.free              mc_w.l(malloc.o)
    0x08005ba0   0x08005ba0   0x0000006c   Code   RO          717    i.malloc            mc_w.l(malloc.o)
    0x08005c0c   0x08005c0c   0x000009d8   Code   RO          423    i.pow               m_ws.l(pow.o)
    0x080065e4   0x080065e4   0x0000004c   Code   RO          780    i.sqrt              m_ws.l(sqrt.o)
    0x08006630   0x08006630   0x00000004   Data   RO            3    .constdata          main.o
    0x08006634   0x08006634   0x00000007   Data   RO          317    .constdata          cjson.o
    0x0800663b   0x0800663b   0x00000005   PAD
    0x08006640   0x08006640   0x00000088   Data   RO          424    .constdata          m_ws.l(pow.o)
    0x080066c8   0x080066c8   0x00000008   Data   RO          778    .constdata          m_ws.l(qnan.o)
    0x080066d0   0x080066d0   0x00000081   Data   RO          835    .constdata          mc_w.l(ctype_o.o)
    0x08006751   0x08006751   0x00000003   PAD
    0x08006754   0x08006754   0x00000004   Data   RO          836    .constdata          mc_w.l(ctype_o.o)
    0x08006758   0x08006758   0x00000008   Data   RO            4    .conststring        main.o
    0x08006760   0x08006760   0x00000020   Data   RO          868    Region$$Table       anon$$obj.o


    Execution Region RW_IRAM1 (Exec base: 0x20000000, Load base: 0x08006780, Size: 0x000008d0, Max: 0x00005000, ABSOLUTE)

    Exec Addr    Load Addr    Size         Type   Attr      Idx    E Section Name        Object

    0x20000000   0x08006780   0x00000014   Data   RW          185    .data               system_stm32f10x.o
    0x20000014   0x08006794   0x00000004   Data   RW          216    .data               esp8266.o
    0x20000018   0x08006798   0x00000002   Data   RW          250    .data               onenet.o
    0x2000001a   0x0800679a   0x00000004   Data   RW          267    .data               delay.o
    0x2000001e   0x0800679e   0x00000002   PAD
    0x20000020   0x080067a0   0x0000000c   Data   RW          318    .data               cjson.o
    0x2000002c   0x080067ac   0x00000014   Data   RW          381    .data               stm32f10x_rcc.o
    0x20000040   0x080067c0   0x00000004   Data   RW          812    .data               mc_w.l(mvars.o)
    0x20000044   0x080067c4   0x00000004   Data   RW          813    .data               mc_w.l(mvars.o)
    0x20000048   0x080067c8   0x00000004   Data   RW          817    .data               mc_w.l(errno.o)
    0x2000004c        -       0x00000200   Zero   RW            2    .bss                main.o
    0x2000024c        -       0x00000080   Zero   RW          215    .bss                esp8266.o
    0x200002cc   0x080067cc   0x00000004   PAD
    0x200002d0        -       0x00000200   Zero   RW          362    HEAP                startup_stm32f10x_hd.o
    0x200004d0        -       0x00000400   Zero   RW          361    STACK               startup_stm32f10x_hd.o


==============================================================================

Image component sizes


      Code (inc. data)   RO Data    RW Data    ZI Data      Debug   Object Name

      6784        208          7         12          0      24300   cjson.o
       212         18          0          4          0       1055   delay.o
       904        318          0          4        128       3595   esp8266.o
        52          6          0          0          0        491   led.o
       324        124         12          0        512     237432   main.o
       220         22          0          0          0       1809   misc.o
      3580         42          0          0          0      13475   mqttkit.o
      1746        832          0          2          0       4513   onenet.o
        36          8        304          0       1536        788   startup_stm32f10x_hd.o
       860         38          0          0          0       5745   stm32f10x_gpio.o
        26          0          0          0          0       1186   stm32f10x_it.o
       932         36          0         20          0       8932   stm32f10x_rcc.o
      1032         22          0          0          0       8468   stm32f10x_usart.o
         0          0          0          0          0         32   sys.o
       480         38          0         20          0       1755   system_stm32f10x.o
       660         22          0          0          0       3337   usart.o

    ----------------------------------------------------------------------
     17852       1734        360         64       2180     316913   Object Totals
         0          0         32          0          0          0   (incl. Generated)
         4          0          5          2          4          0   (incl. Padding)

    ----------------------------------------------------------------------

      Code (inc. data)   RO Data    RW Data    ZI Data      Debug   Library Member Name

        62         10          0          0          0        340   dunder.o
       220         16          0          0          0         84   floor.o
        40          0          0          0          0         68   fpclassify.o
       170          0          0          0          0         96   poly.o
      2520        190        136          0          0        324   pow.o
         0          0          8          0          0          0   qnan.o
        76          0          0          0          0         84   sqrt.o
        28          0          0          0          0         68   _chval.o
       158          0          0          0          0         92   _strtoul.o
        26          0          0          0          0         80   atoi.o
         8          4        133          0          0         68   ctype_o.o
         0          0          0          0          0          0   entry.o
         0          0          0          0          0          0   entry10a.o
         0          0          0          0          0          0   entry11a.o
         8          4          0          0          0          0   entry2.o
         4          0          0          0          0          0   entry5.o
         0          0          0          0          0          0   entry7b.o
         0          0          0          0          0          0   entry8b.o
         8          4          0          0          0          0   entry9a.o
        20         10          0          4          0        136   errno.o
        30          0          0          0          0          0   handlers.o
        36          8          0          0          0         68   init.o
         0          0          0          0          0          0   iusefp.o
        30          0          0          0          0         68   llshl.o
        36          0          0          0          0         68   llsshr.o
        32          0          0          0          0         68   llushr.o
       188         20          0          0          0        160   malloc.o
        36          0          0          0          0         68   memcpya.o
        36          0          0          0          0        108   memseta.o
         0          0          0          8          0          0   mvars.o
      2342         90          0          0          0        668   printfa.o
        20          0          0          0          0         68   strchr.o
        18          0          0          0          0         68   strcpy.o
        14          0          0          0          0         68   strlen.o
        40          0          0          0          0         76   strncat.o
        30          0          0          0          0         80   strncmp.o
        36          0          0          0          0         80   strstr.o
       112          0          0          0          0         88   strtol.o
        12          0          0          0          0         68   tolower.o
        44          0          0          0          0         80   uidiv.o
        98          0          0          0          0         92   uldiv.o
        48          0          0          0          0         68   cdcmple.o
        48          0          0          0          0         68   cdrcmple.o
       334          0          0          0          0        148   dadd.o
       222          0          0          0          0        100   ddiv.o
       186          0          0          0          0        176   depilogue.o
        62          0          0          0          0         80   dfixi.o
        48          0          0          0          0         68   dfixul.o
        34          0          0          0          0         76   dflti.o
       228          0          0          0          0         96   dmul.o
        46          0          0          0          0         80   dscalb.o
       162          0          0          0          0        100   dsqrt.o
        38          0          0          0          0         68   f2d.o

    ----------------------------------------------------------------------
      8004        356        280         12          0       4612   Library Totals
        10          0          3          0          0          0   (incl. Padding)

    ----------------------------------------------------------------------

      Code (inc. data)   RO Data    RW Data    ZI Data      Debug   Library Name

      3088        216        144          0          0        996   m_ws.l
      3450        140        133         12          0       2488   mc_w.l
      1456          0          0          0          0       1128   mf_w.l

    ----------------------------------------------------------------------
      8004        356        280         12          0       4612   Library Totals

    ----------------------------------------------------------------------

==============================================================================


      Code (inc. data)   RO Data    RW Data    ZI Data      Debug   

     25856       2090        640         76       2180     317933   Grand Totals
     25856       2090        640         76       2180     317933   ELF Image Totals
     25856       2090        640         76          0          0   ROM Totals

==============================================================================

    Total RO  Size (Code + RO Data)                26496 (  25.88kB)
    Total RW  Size (RW Data + ZI Data)              2256 (   2.20kB)
    Total ROM Size (Code + RO Data + RW Data)      26572 (  25.95kB)

==============================================================================

